interactions:
- request:
    body: null
    headers:
      Accept:
      - '*/*'
      Accept-Encoding:
      - gzip, deflate
      Authorization:
      - Basic c2tfZTlnZ2ZsT2JqUWVTaFVMaXVBQVhxSWtEVHR0dWs6
      Connection:
      - keep-alive
      Cookie:
      - session=eyJhbm9ueW1vdXNfaWQiOnsiIGIiOiJObUV3Tm1ReVlXVXRNekZsTWkwME9UWm1MV0UzT0RZdE4yUm1NV0V5WTJNMk5tRmwifX0.EIf4vg.0p8MMVum87r2PLK2F8nCpHGKaqY
      User-Agent:
      - python-requests/2.22.0
    method: GET
    uri: https://benchling.com/api/v2/registries
  response:
    body:
      string: "{\n  \"registries\": [\n    {\n      \"id\": \"src_KE6uFvex\",\n      \"name\":
        \"Registry\",\n      \"owner\": {\n        \"handle\": \"klavinslab\",\n        \"id\":
        \"ent_8avhPeKB\",\n        \"name\": \"Klavins Lab\"\n      }\n    }\n  ]\n}"
    headers:
      Access-Control-Allow-Origin:
      - '*'
      Cache-Control:
      - private, no-cache, no-store
      Connection:
      - keep-alive
      Content-Length:
      - '208'
      Content-Type:
      - application/json
      Date:
      - Wed, 16 Oct 2019 00:41:35 GMT
      Expires:
      - Sat, 01 Jan 2000 00:00:00 GMT
      Pragma:
      - no-cache
      Server:
      - nginx
      Set-Cookie:
      - session=eyJhbm9ueW1vdXNfaWQiOnsiIGIiOiJObUV3Tm1ReVlXVXRNekZsTWkwME9UWm1MV0UzT0RZdE4yUm1NV0V5WTJNMk5tRmwifX0.EIf4vw.KjzP5a6rkanNLlihV_5eIZN5wXA;
        Secure; HttpOnly; Path=/
      Strict-Transport-Security:
      - max-age=63072000; includeSubdomains; preload
      X-Content-Type-Options:
      - nosniff
      X-Frame-Options:
      - DENY
    status:
      code: 200
      message: OK
- request:
    body: null
    headers:
      Accept:
      - '*/*'
      Accept-Encoding:
      - gzip, deflate
      Authorization:
      - Basic c2tfZTlnZ2ZsT2JqUWVTaFVMaXVBQVhxSWtEVHR0dWs6
      Connection:
      - keep-alive
      Cookie:
      - session=eyJhbm9ueW1vdXNfaWQiOnsiIGIiOiJNbVkwTURKak5EWXRaamRoTlMwMFpUWTVMV0UyWkRZdFltTTJNbUZrWlRabE1UUTAifX0.EIf5cg.a_hImg56pOnXDgd9h4OekEIE0sQ
      User-Agent:
      - python-requests/2.22.0
    method: GET
    uri: https://benchling.com/api/v2/registries
  response:
    body:
      string: "{\n  \"registries\": [\n    {\n      \"id\": \"src_KE6uFvex\",\n      \"name\":
        \"Registry\",\n      \"owner\": {\n        \"handle\": \"klavinslab\",\n        \"id\":
        \"ent_8avhPeKB\",\n        \"name\": \"Klavins Lab\"\n      }\n    }\n  ]\n}"
    headers:
      Access-Control-Allow-Origin:
      - '*'
      Cache-Control:
      - private, no-cache, no-store
      Connection:
      - keep-alive
      Content-Length:
      - '208'
      Content-Type:
      - application/json
      Date:
      - Wed, 16 Oct 2019 00:44:34 GMT
      Expires:
      - Sat, 01 Jan 2000 00:00:00 GMT
      Pragma:
      - no-cache
      Server:
      - nginx
      Set-Cookie:
      - session=eyJhbm9ueW1vdXNfaWQiOnsiIGIiOiJNbVkwTURKak5EWXRaamRoTlMwMFpUWTVMV0UyWkRZdFltTTJNbUZrWlRabE1UUTAifX0.EIf5cg.a_hImg56pOnXDgd9h4OekEIE0sQ;
        Secure; HttpOnly; Path=/
      Strict-Transport-Security:
      - max-age=63072000; includeSubdomains; preload
      X-Content-Type-Options:
      - nosniff
      X-Frame-Options:
      - DENY
    status:
      code: 200
      message: OK
- request:
    body: null
    headers:
      Accept:
      - '*/*'
      Accept-Encoding:
      - gzip, deflate
      Authorization:
      - Basic c2tfZTlnZ2ZsT2JqUWVTaFVMaXVBQVhxSWtEVHR0dWs6
      Connection:
      - keep-alive
      Cookie:
      - session=eyJhbm9ueW1vdXNfaWQiOnsiIGIiOiJaR1kzWm1WaVpUUXRZbVZpTUMwMFlUWmhMV0V5T0RrdE56Vm1aR1JpTUdZM1ltRXoifX0.EIf5_w.wRE_BP3_nTODt6PCQzp7_tOE2fY
      User-Agent:
      - python-requests/2.22.0
    method: GET
    uri: https://benchling.com/api/v2/registries
  response:
    body:
      string: "{\n  \"registries\": [\n    {\n      \"id\": \"src_KE6uFvex\",\n      \"name\":
        \"Registry\",\n      \"owner\": {\n        \"handle\": \"klavinslab\",\n        \"id\":
        \"ent_8avhPeKB\",\n        \"name\": \"Klavins Lab\"\n      }\n    }\n  ]\n}"
    headers:
      Access-Control-Allow-Origin:
      - '*'
      Cache-Control:
      - private, no-cache, no-store
      Connection:
      - keep-alive
      Content-Length:
      - '208'
      Content-Type:
      - application/json
      Date:
      - Wed, 16 Oct 2019 00:46:56 GMT
      Expires:
      - Sat, 01 Jan 2000 00:00:00 GMT
      Pragma:
      - no-cache
      Server:
      - nginx
      Set-Cookie:
      - session=eyJhbm9ueW1vdXNfaWQiOnsiIGIiOiJaR1kzWm1WaVpUUXRZbVZpTUMwMFlUWmhMV0V5T0RrdE56Vm1aR1JpTUdZM1ltRXoifX0.EIf6AA.qaFOXjJDn7mDYZctKmokyz9jbVI;
        Secure; HttpOnly; Path=/
      Strict-Transport-Security:
      - max-age=63072000; includeSubdomains; preload
      X-Content-Type-Options:
      - nosniff
      X-Frame-Options:
      - DENY
    status:
      code: 200
      message: OK
- request:
    body: null
    headers:
      Accept:
      - '*/*'
      Accept-Encoding:
      - gzip, deflate
      Authorization:
      - Basic c2tfZTlnZ2ZsT2JqUWVTaFVMaXVBQVhxSWtEVHR0dWs6
      Connection:
      - keep-alive
      Cookie:
      - session=eyJhbm9ueW1vdXNfaWQiOnsiIGIiOiJPRFptTkRZeE5URXRNRFl5TVMwME5tVTVMVGd5WW1VdFpHSXhOamsxWXpGbE5HVXgifX0.EIf63A.tkAG1BQ-2mmgRIEydPoiQAr5UW4
      User-Agent:
      - python-requests/2.22.0
    method: GET
    uri: https://benchling.com/api/v2/registries
  response:
    body:
      string: "{\n  \"registries\": [\n    {\n      \"id\": \"src_KE6uFvex\",\n      \"name\":
        \"Registry\",\n      \"owner\": {\n        \"handle\": \"klavinslab\",\n        \"id\":
        \"ent_8avhPeKB\",\n        \"name\": \"Klavins Lab\"\n      }\n    }\n  ]\n}"
    headers:
      Access-Control-Allow-Origin:
      - '*'
      Cache-Control:
      - private, no-cache, no-store
      Connection:
      - keep-alive
      Content-Length:
      - '208'
      Content-Type:
      - application/json
      Date:
      - Wed, 16 Oct 2019 00:50:37 GMT
      Expires:
      - Sat, 01 Jan 2000 00:00:00 GMT
      Pragma:
      - no-cache
      Server:
      - nginx
      Set-Cookie:
      - session=eyJhbm9ueW1vdXNfaWQiOnsiIGIiOiJPRFptTkRZeE5URXRNRFl5TVMwME5tVTVMVGd5WW1VdFpHSXhOamsxWXpGbE5HVXgifX0.EIf63Q.cuyvuCJwTrjiZlm1IWUhxEhJLdw;
        Secure; HttpOnly; Path=/
      Strict-Transport-Security:
      - max-age=63072000; includeSubdomains; preload
      X-Content-Type-Options:
      - nosniff
      X-Frame-Options:
      - DENY
    status:
      code: 200
      message: OK
- request:
    body: null
    headers:
      Accept:
      - '*/*'
      Accept-Encoding:
      - gzip, deflate
      Authorization:
      - Basic c2tfZTlnZ2ZsT2JqUWVTaFVMaXVBQVhxSWtEVHR0dWs6
      Connection:
      - keep-alive
      Cookie:
      - session=eyJhbm9ueW1vdXNfaWQiOnsiIGIiOiJOek0wTkRKbU9UY3RNRFUyTXkwMFlUSTFMV0ppTUdFdE1qVTBZalEzT0RRNU16bGwifX0.EIf7fg.2Ql3neeuv4PB_cAfFgp4AjgYIW4
      User-Agent:
      - python-requests/2.22.0
    method: GET
    uri: https://benchling.com/api/v2/registries
  response:
    body:
      string: "{\n  \"registries\": [\n    {\n      \"id\": \"src_KE6uFvex\",\n      \"name\":
        \"Registry\",\n      \"owner\": {\n        \"handle\": \"klavinslab\",\n        \"id\":
        \"ent_8avhPeKB\",\n        \"name\": \"Klavins Lab\"\n      }\n    }\n  ]\n}"
    headers:
      Access-Control-Allow-Origin:
      - '*'
      Cache-Control:
      - private, no-cache, no-store
      Connection:
      - keep-alive
      Content-Length:
      - '208'
      Content-Type:
      - application/json
      Date:
      - Wed, 16 Oct 2019 00:53:19 GMT
      Expires:
      - Sat, 01 Jan 2000 00:00:00 GMT
      Pragma:
      - no-cache
      Server:
      - nginx
      Set-Cookie:
      - session=eyJhbm9ueW1vdXNfaWQiOnsiIGIiOiJOek0wTkRKbU9UY3RNRFUyTXkwMFlUSTFMV0ppTUdFdE1qVTBZalEzT0RRNU16bGwifX0.EIf7fw.DdVJMSmCZdr1RLgeAQdIOxBk8Q4;
        Secure; HttpOnly; Path=/
      Strict-Transport-Security:
      - max-age=63072000; includeSubdomains; preload
      X-Content-Type-Options:
      - nosniff
      X-Frame-Options:
      - DENY
    status:
      code: 200
      message: OK
- request:
    body: null
    headers:
      Accept:
      - '*/*'
      Accept-Encoding:
      - gzip, deflate
      Authorization:
      - Basic c2tfZTlnZ2ZsT2JqUWVTaFVMaXVBQVhxSWtEVHR0dWs6
      Connection:
      - keep-alive
      Cookie:
      - session=eyJhbm9ueW1vdXNfaWQiOnsiIGIiOiJaamRsT1dGak1XVXRPVFV5TUMwME5ESXdMV0U1WWpjdE1qUXlOVGt4WTJOa05HSXoifX0.EIgD2A.8A2JgWmHQCFZLI4RQ9L2v9Ll2Zc
      User-Agent:
      - python-requests/2.22.0
    method: GET
    uri: https://benchling.com/api/v2/registries
  response:
    body:
      string: "{\n  \"registries\": [\n    {\n      \"id\": \"src_KE6uFvex\",\n      \"name\":
        \"Registry\",\n      \"owner\": {\n        \"handle\": \"klavinslab\",\n        \"id\":
        \"ent_8avhPeKB\",\n        \"name\": \"Klavins Lab\"\n      }\n    }\n  ]\n}"
    headers:
      Access-Control-Allow-Origin:
      - '*'
      Cache-Control:
      - private, no-cache, no-store
      Connection:
      - keep-alive
      Content-Length:
      - '208'
      Content-Type:
      - application/json
      Date:
      - Wed, 16 Oct 2019 01:28:57 GMT
      Expires:
      - Sat, 01 Jan 2000 00:00:00 GMT
      Pragma:
      - no-cache
      Server:
      - nginx
      Set-Cookie:
      - session=eyJhbm9ueW1vdXNfaWQiOnsiIGIiOiJaamRsT1dGak1XVXRPVFV5TUMwME5ESXdMV0U1WWpjdE1qUXlOVGt4WTJOa05HSXoifX0.EIgD2Q.Fh_CnHFG5Zri5PHzn9fy2-HHxiE;
        Secure; HttpOnly; Path=/
      Strict-Transport-Security:
      - max-age=63072000; includeSubdomains; preload
      X-Content-Type-Options:
      - nosniff
      X-Frame-Options:
      - DENY
    status:
      code: 200
      message: OK
- request:
    body: null
    headers:
      Accept:
      - '*/*'
      Accept-Encoding:
      - gzip, deflate
      Authorization:
      - Basic c2tfZTlnZ2ZsT2JqUWVTaFVMaXVBQVhxSWtEVHR0dWs6
      Connection:
      - keep-alive
      Cookie:
      - session=eyJhbm9ueW1vdXNfaWQiOnsiIGIiOiJOMlpoWTJZek5HWXRNalk1T1MwME9EVTRMVGd5WVRjdE4yWmpZekU0WWpSbE5UaGwifX0.EIgEIw.D13JsrdxtlKlgJ0xyO9GZitiTBY
      User-Agent:
      - python-requests/2.22.0
    method: GET
    uri: https://benchling.com/api/v2/registries
  response:
    body:
      string: "{\n  \"registries\": [\n    {\n      \"id\": \"src_KE6uFvex\",\n      \"name\":
        \"Registry\",\n      \"owner\": {\n        \"handle\": \"klavinslab\",\n        \"id\":
        \"ent_8avhPeKB\",\n        \"name\": \"Klavins Lab\"\n      }\n    }\n  ]\n}"
    headers:
      Access-Control-Allow-Origin:
      - '*'
      Cache-Control:
      - private, no-cache, no-store
      Connection:
      - keep-alive
      Content-Length:
      - '208'
      Content-Type:
      - application/json
      Date:
      - Wed, 16 Oct 2019 01:30:12 GMT
      Expires:
      - Sat, 01 Jan 2000 00:00:00 GMT
      Pragma:
      - no-cache
      Server:
      - nginx
      Set-Cookie:
      - session=eyJhbm9ueW1vdXNfaWQiOnsiIGIiOiJOMlpoWTJZek5HWXRNalk1T1MwME9EVTRMVGd5WVRjdE4yWmpZekU0WWpSbE5UaGwifX0.EIgEJA.jLmGpfBTNr_nog_RFnpsptjhy5o;
        Secure; HttpOnly; Path=/
      Strict-Transport-Security:
      - max-age=63072000; includeSubdomains; preload
      X-Content-Type-Options:
      - nosniff
      X-Frame-Options:
      - DENY
    status:
      code: 200
      message: OK
- request:
    body: null
    headers:
      Accept:
      - '*/*'
      Accept-Encoding:
      - gzip, deflate
      Authorization:
      - Basic c2tfZTlnZ2ZsT2JqUWVTaFVMaXVBQVhxSWtEVHR0dWs6
      Connection:
      - keep-alive
      Cookie:
      - session=eyJhbm9ueW1vdXNfaWQiOnsiIGIiOiJObVJrT0dFMk56RXRPVGN4WVMwME9HWmlMVGt5T0RRdE9UWXpZVGt5WVRSbU16SXgifX0.EIgHqA.D08g57vJa2pFBurtj1c8I8abTmA
      User-Agent:
      - python-requests/2.22.0
    method: GET
    uri: https://benchling.com/api/v2/registries
  response:
    body:
      string: "{\n  \"registries\": [\n    {\n      \"id\": \"src_KE6uFvex\",\n      \"name\":
        \"Registry\",\n      \"owner\": {\n        \"handle\": \"klavinslab\",\n        \"id\":
        \"ent_8avhPeKB\",\n        \"name\": \"Klavins Lab\"\n      }\n    }\n  ]\n}"
    headers:
      Access-Control-Allow-Origin:
      - '*'
      Cache-Control:
      - private, no-cache, no-store
      Connection:
      - keep-alive
      Content-Length:
      - '208'
      Content-Type:
      - application/json
      Date:
      - Wed, 16 Oct 2019 01:45:12 GMT
      Expires:
      - Sat, 01 Jan 2000 00:00:00 GMT
      Pragma:
      - no-cache
      Server:
      - nginx
      Set-Cookie:
      - session=eyJhbm9ueW1vdXNfaWQiOnsiIGIiOiJObVJrT0dFMk56RXRPVGN4WVMwME9HWmlMVGt5T0RRdE9UWXpZVGt5WVRSbU16SXgifX0.EIgHqA.D08g57vJa2pFBurtj1c8I8abTmA;
        Secure; HttpOnly; Path=/
      Strict-Transport-Security:
      - max-age=63072000; includeSubdomains; preload
      X-Content-Type-Options:
      - nosniff
      X-Frame-Options:
      - DENY
    status:
      code: 200
      message: OK
- request:
    body: null
    headers:
      Accept:
      - '*/*'
      Accept-Encoding:
      - gzip, deflate
      Authorization:
      - Basic c2tfZTlnZ2ZsT2JqUWVTaFVMaXVBQVhxSWtEVHR0dWs6
      Connection:
      - keep-alive
      Cookie:
      - session=eyJhbm9ueW1vdXNfaWQiOnsiIGIiOiJZamN4TUdKalpUWXRPV1V3WXkwME1UUXhMV0psWWpZdFlXUmtPV1E1WkRrd05XVTUifX0.EIgIMw.s0czLeG_7f1JWslnwlkMHa7A2_w
      User-Agent:
      - python-requests/2.22.0
    method: GET
    uri: https://benchling.com/api/v2/registries
  response:
    body:
      string: "{\n  \"registries\": [\n    {\n      \"id\": \"src_KE6uFvex\",\n      \"name\":
        \"Registry\",\n      \"owner\": {\n        \"handle\": \"klavinslab\",\n        \"id\":
        \"ent_8avhPeKB\",\n        \"name\": \"Klavins Lab\"\n      }\n    }\n  ]\n}"
    headers:
      Access-Control-Allow-Origin:
      - '*'
      Cache-Control:
      - private, no-cache, no-store
      Connection:
      - keep-alive
      Content-Length:
      - '208'
      Content-Type:
      - application/json
      Date:
      - Wed, 16 Oct 2019 01:47:32 GMT
      Expires:
      - Sat, 01 Jan 2000 00:00:00 GMT
      Pragma:
      - no-cache
      Server:
      - nginx
      Set-Cookie:
      - session=eyJhbm9ueW1vdXNfaWQiOnsiIGIiOiJZamN4TUdKalpUWXRPV1V3WXkwME1UUXhMV0psWWpZdFlXUmtPV1E1WkRrd05XVTUifX0.EIgINA.ZmGQQVNdWNFd5gzJYeeq9gpE7hU;
        Secure; HttpOnly; Path=/
      Strict-Transport-Security:
      - max-age=63072000; includeSubdomains; preload
      X-Content-Type-Options:
      - nosniff
      X-Frame-Options:
      - DENY
    status:
      code: 200
      message: OK
- request:
    body: null
    headers:
      Accept:
      - '*/*'
      Accept-Encoding:
      - gzip, deflate
      Authorization:
      - Basic c2tfZTlnZ2ZsT2JqUWVTaFVMaXVBQVhxSWtEVHR0dWs6
      Connection:
      - keep-alive
      Cookie:
      - session=eyJhbm9ueW1vdXNfaWQiOnsiIGIiOiJZamMyTkRBME0yVXRNR0V5TUMwME1qTmlMV0V5TkRrdE5tWXhZbVkzTlRRd01HSTEifX0.EIgIxw.9OlsGkFJ6cGeK_ELsFh-a_BLfGY
      User-Agent:
      - python-requests/2.22.0
    method: GET
    uri: https://benchling.com/api/v2/registries
  response:
    body:
      string: "{\n  \"registries\": [\n    {\n      \"id\": \"src_KE6uFvex\",\n      \"name\":
        \"Registry\",\n      \"owner\": {\n        \"handle\": \"klavinslab\",\n        \"id\":
        \"ent_8avhPeKB\",\n        \"name\": \"Klavins Lab\"\n      }\n    }\n  ]\n}"
    headers:
      Access-Control-Allow-Origin:
      - '*'
      Cache-Control:
      - private, no-cache, no-store
      Connection:
      - keep-alive
      Content-Length:
      - '208'
      Content-Type:
      - application/json
      Date:
      - Wed, 16 Oct 2019 01:49:59 GMT
      Expires:
      - Sat, 01 Jan 2000 00:00:00 GMT
      Pragma:
      - no-cache
      Server:
      - nginx
      Set-Cookie:
      - session=eyJhbm9ueW1vdXNfaWQiOnsiIGIiOiJZamMyTkRBME0yVXRNR0V5TUMwME1qTmlMV0V5TkRrdE5tWXhZbVkzTlRRd01HSTEifX0.EIgIxw.9OlsGkFJ6cGeK_ELsFh-a_BLfGY;
        Secure; HttpOnly; Path=/
      Strict-Transport-Security:
      - max-age=63072000; includeSubdomains; preload
      X-Content-Type-Options:
      - nosniff
      X-Frame-Options:
      - DENY
    status:
      code: 200
      message: OK
- request:
    body: null
    headers:
      Accept:
      - '*/*'
      Accept-Encoding:
      - gzip, deflate
      Authorization:
      - Basic c2tfZTlnZ2ZsT2JqUWVTaFVMaXVBQVhxSWtEVHR0dWs6
      Connection:
      - keep-alive
      Cookie:
      - session=eyJhbm9ueW1vdXNfaWQiOnsiIGIiOiJNVFUwTTJNeU4yUXRNall5WWkwMFptWmxMVGt3TVdNdFl6ZGtPR0k0WXpGa05qSTAifX0.EIgMPw.SM3zysGwGW9tUcw0ZBX66so-yZY
      User-Agent:
      - python-requests/2.22.0
    method: GET
    uri: https://benchling.com/api/v2/registries
  response:
    body:
      string: "{\n  \"registries\": [\n    {\n      \"id\": \"src_KE6uFvex\",\n      \"name\":
        \"Registry\",\n      \"owner\": {\n        \"handle\": \"klavinslab\",\n        \"id\":
        \"ent_8avhPeKB\",\n        \"name\": \"Klavins Lab\"\n      }\n    }\n  ]\n}"
    headers:
      Access-Control-Allow-Origin:
      - '*'
      Cache-Control:
      - private, no-cache, no-store
      Connection:
      - keep-alive
      Content-Length:
      - '208'
      Content-Type:
      - application/json
      Date:
      - Wed, 16 Oct 2019 02:04:48 GMT
      Expires:
      - Sat, 01 Jan 2000 00:00:00 GMT
      Pragma:
      - no-cache
      Server:
      - nginx
      Set-Cookie:
      - session=eyJhbm9ueW1vdXNfaWQiOnsiIGIiOiJNVFUwTTJNeU4yUXRNall5WWkwMFptWmxMVGt3TVdNdFl6ZGtPR0k0WXpGa05qSTAifX0.EIgMQA.AIL_-XEr7QVr-LHhwj4Rg4GmY-k;
        Secure; HttpOnly; Path=/
      Strict-Transport-Security:
      - max-age=63072000; includeSubdomains; preload
      X-Content-Type-Options:
      - nosniff
      X-Frame-Options:
      - DENY
    status:
      code: 200
      message: OK
- request:
    body: null
    headers:
      Accept:
      - '*/*'
      Accept-Encoding:
      - gzip, deflate
      Authorization:
      - Basic c2tfZTlnZ2ZsT2JqUWVTaFVMaXVBQVhxSWtEVHR0dWs6
      Connection:
      - keep-alive
      Cookie:
      - session=eyJhbm9ueW1vdXNfaWQiOnsiIGIiOiJZekJsWmpreE1qWXROekU0TWkwME9UWmpMV0prWVdRdFpUSTBaVEpoTmpOa00ySmsifX0.EIgNLg.h-ot7puCaiSc6XROW3xM6Xk7UUU
      User-Agent:
      - python-requests/2.22.0
    method: GET
    uri: https://benchling.com/api/v2/registries
  response:
    body:
      string: "{\n  \"registries\": [\n    {\n      \"id\": \"src_KE6uFvex\",\n      \"name\":
        \"Registry\",\n      \"owner\": {\n        \"handle\": \"klavinslab\",\n        \"id\":
        \"ent_8avhPeKB\",\n        \"name\": \"Klavins Lab\"\n      }\n    }\n  ]\n}"
    headers:
      Access-Control-Allow-Origin:
      - '*'
      Cache-Control:
      - private, no-cache, no-store
      Connection:
      - keep-alive
      Content-Length:
      - '208'
      Content-Type:
      - application/json
      Date:
      - Wed, 16 Oct 2019 02:08:47 GMT
      Expires:
      - Sat, 01 Jan 2000 00:00:00 GMT
      Pragma:
      - no-cache
      Server:
      - nginx
      Set-Cookie:
      - session=eyJhbm9ueW1vdXNfaWQiOnsiIGIiOiJZekJsWmpreE1qWXROekU0TWkwME9UWmpMV0prWVdRdFpUSTBaVEpoTmpOa00ySmsifX0.EIgNLw.6Knm_s84uWFezBFDdNA7rdgQiqI;
        Secure; HttpOnly; Path=/
      Strict-Transport-Security:
      - max-age=63072000; includeSubdomains; preload
      X-Content-Type-Options:
      - nosniff
      X-Frame-Options:
      - DENY
    status:
      code: 200
      message: OK
- request:
    body: null
    headers:
      Accept:
      - '*/*'
      Accept-Encoding:
      - gzip, deflate
      Authorization:
      - Basic c2tfZTlnZ2ZsT2JqUWVTaFVMaXVBQVhxSWtEVHR0dWs6
      Connection:
      - keep-alive
      Cookie:
      - session=eyJhbm9ueW1vdXNfaWQiOnsiIGIiOiJNbU15TUdaaE1UTXRaamsxWVMwMFlUWmhMV0V3WTJFdE5qSmpabVpoWlRNMk1qbGoifX0.EIgQAQ.tAfA4f6Y3d2ii6T6vKDN_KB8slQ
      User-Agent:
      - python-requests/2.22.0
    method: GET
    uri: https://benchling.com/api/v2/registries
  response:
    body:
      string: "{\n  \"registries\": [\n    {\n      \"id\": \"src_KE6uFvex\",\n      \"name\":
        \"Registry\",\n      \"owner\": {\n        \"handle\": \"klavinslab\",\n        \"id\":
        \"ent_8avhPeKB\",\n        \"name\": \"Klavins Lab\"\n      }\n    }\n  ]\n}"
    headers:
      Access-Control-Allow-Origin:
      - '*'
      Cache-Control:
      - private, no-cache, no-store
      Connection:
      - keep-alive
      Content-Length:
      - '208'
      Content-Type:
      - application/json
      Date:
      - Wed, 16 Oct 2019 02:20:50 GMT
      Expires:
      - Sat, 01 Jan 2000 00:00:00 GMT
      Pragma:
      - no-cache
      Server:
      - nginx
      Set-Cookie:
      - session=eyJhbm9ueW1vdXNfaWQiOnsiIGIiOiJNbU15TUdaaE1UTXRaamsxWVMwMFlUWmhMV0V3WTJFdE5qSmpabVpoWlRNMk1qbGoifX0.EIgQAg.K9NDcKGaW9qkO-a-a0BD5e7VMAs;
        Secure; HttpOnly; Path=/
      Strict-Transport-Security:
      - max-age=63072000; includeSubdomains; preload
      X-Content-Type-Options:
      - nosniff
      X-Frame-Options:
      - DENY
    status:
      code: 200
      message: OK
- request:
    body: null
    headers:
      Accept:
      - '*/*'
      Accept-Encoding:
      - gzip, deflate
      Authorization:
      - Basic c2tfZTlnZ2ZsT2JqUWVTaFVMaXVBQVhxSWtEVHR0dWs6
      Connection:
      - keep-alive
      Cookie:
      - session=eyJhbm9ueW1vdXNfaWQiOnsiIGIiOiJZelUyWXpNMVpqVXROalUzT1MwME4yWTFMVGszTkdZdE1qazFaV00yTmpKbFpEWmkifX0.EIgTIg.ZrJ2FW9_k3S3Ckvrp_fwTya-P04
      User-Agent:
      - python-requests/2.22.0
    method: GET
    uri: https://benchling.com/api/v2/registries
  response:
    body:
      string: "{\n  \"registries\": [\n    {\n      \"id\": \"src_KE6uFvex\",\n      \"name\":
        \"Registry\",\n      \"owner\": {\n        \"handle\": \"klavinslab\",\n        \"id\":
        \"ent_8avhPeKB\",\n        \"name\": \"Klavins Lab\"\n      }\n    }\n  ]\n}"
    headers:
      Access-Control-Allow-Origin:
      - '*'
      Cache-Control:
      - private, no-cache, no-store
      Connection:
      - keep-alive
      Content-Length:
      - '208'
      Content-Type:
      - application/json
      Date:
      - Wed, 16 Oct 2019 02:34:11 GMT
      Expires:
      - Sat, 01 Jan 2000 00:00:00 GMT
      Pragma:
      - no-cache
      Server:
      - nginx
      Set-Cookie:
      - session=eyJhbm9ueW1vdXNfaWQiOnsiIGIiOiJZelUyWXpNMVpqVXROalUzT1MwME4yWTFMVGszTkdZdE1qazFaV00yTmpKbFpEWmkifX0.EIgTIw.7nvtpZMBBzQPzYYn4BGCsOI08fk;
        Secure; HttpOnly; Path=/
      Strict-Transport-Security:
      - max-age=63072000; includeSubdomains; preload
      X-Content-Type-Options:
      - nosniff
      X-Frame-Options:
      - DENY
    status:
      code: 200
      message: OK
- request:
    body: null
    headers:
      Accept:
      - '*/*'
      Accept-Encoding:
      - gzip, deflate
      Authorization:
      - Basic c2tfZTlnZ2ZsT2JqUWVTaFVMaXVBQVhxSWtEVHR0dWs6
      Connection:
      - keep-alive
      Cookie:
      - session=eyJhbm9ueW1vdXNfaWQiOnsiIGIiOiJaamxpTUdVeFlUWXROVGc0TXkwMFptWXpMV0l5TXpJdFpqVmtPREl3T1RRelltVmgifX0.EIgVOQ.KO1e8aKKUq9NfLtF4pLSN6ltRWo
      User-Agent:
      - python-requests/2.22.0
    method: GET
    uri: https://benchling.com/api/v2/registries
  response:
    body:
      string: "{\n  \"registries\": [\n    {\n      \"id\": \"src_KE6uFvex\",\n      \"name\":
        \"Registry\",\n      \"owner\": {\n        \"handle\": \"klavinslab\",\n        \"id\":
        \"ent_8avhPeKB\",\n        \"name\": \"Klavins Lab\"\n      }\n    }\n  ]\n}"
    headers:
      Access-Control-Allow-Origin:
      - '*'
      Cache-Control:
      - private, no-cache, no-store
      Connection:
      - keep-alive
      Content-Length:
      - '208'
      Content-Type:
      - application/json
      Date:
      - Wed, 16 Oct 2019 02:43:06 GMT
      Expires:
      - Sat, 01 Jan 2000 00:00:00 GMT
      Pragma:
      - no-cache
      Server:
      - nginx
      Set-Cookie:
      - session=eyJhbm9ueW1vdXNfaWQiOnsiIGIiOiJaamxpTUdVeFlUWXROVGc0TXkwMFptWXpMV0l5TXpJdFpqVmtPREl3T1RRelltVmgifX0.EIgVOg.aptjSEE-9zS2Ue19JSu1I5GiO3w;
        Secure; HttpOnly; Path=/
      Strict-Transport-Security:
      - max-age=63072000; includeSubdomains; preload
      X-Content-Type-Options:
      - nosniff
      X-Frame-Options:
      - DENY
    status:
      code: 200
      message: OK
- request:
    body: null
    headers:
      Accept:
      - '*/*'
      Accept-Encoding:
      - gzip, deflate
      Authorization:
      - Basic c2tfZTlnZ2ZsT2JqUWVTaFVMaXVBQVhxSWtEVHR0dWs6
      Connection:
      - keep-alive
      Cookie:
      - session=eyJhbm9ueW1vdXNfaWQiOnsiIGIiOiJOMk5pWW1GaE1tVXRaR1V4TUMwME9EWTRMV0l4TVdZdE1qVm1ZV1l6WkRBM01qYzMifX0.EIgf-w.KWeT9oo5UmWWbmuiUnuaB3GL-3Y
      User-Agent:
      - python-requests/2.22.0
    method: GET
    uri: https://benchling.com/api/v2/registries
  response:
    body:
      string: "{\n  \"registries\": [\n    {\n      \"id\": \"src_KE6uFvex\",\n      \"name\":
        \"Registry\",\n      \"owner\": {\n        \"handle\": \"klavinslab\",\n        \"id\":
        \"ent_8avhPeKB\",\n        \"name\": \"Klavins Lab\"\n      }\n    }\n  ]\n}"
    headers:
      Access-Control-Allow-Origin:
      - '*'
      Cache-Control:
      - private, no-cache, no-store
      Connection:
      - keep-alive
      Content-Length:
      - '208'
      Content-Type:
      - application/json
      Date:
      - Wed, 16 Oct 2019 03:28:59 GMT
      Expires:
      - Sat, 01 Jan 2000 00:00:00 GMT
      Pragma:
      - no-cache
      Server:
      - nginx
      Set-Cookie:
      - session=eyJhbm9ueW1vdXNfaWQiOnsiIGIiOiJOMk5pWW1GaE1tVXRaR1V4TUMwME9EWTRMV0l4TVdZdE1qVm1ZV1l6WkRBM01qYzMifX0.EIgf-w.KWeT9oo5UmWWbmuiUnuaB3GL-3Y;
        Secure; HttpOnly; Path=/
      Strict-Transport-Security:
      - max-age=63072000; includeSubdomains; preload
      X-Content-Type-Options:
      - nosniff
      X-Frame-Options:
      - DENY
    status:
      code: 200
      message: OK
- request:
    body: null
    headers:
      Accept:
      - '*/*'
      Accept-Encoding:
      - gzip, deflate
      Authorization:
      - Basic c2tfZTlnZ2ZsT2JqUWVTaFVMaXVBQVhxSWtEVHR0dWs6
      Connection:
      - keep-alive
      Cookie:
      - session=eyJhbm9ueW1vdXNfaWQiOnsiIGIiOiJZekZqT1RGbVpXWXRaV00xTlMwMFlqSXpMV0k1TWpNdFptTTRPR0k0TWprMll6UTAifX0.EIgi2A.pLTBHKTGumTiiaWOGGXlWTRf7fg
      User-Agent:
      - python-requests/2.22.0
    method: GET
    uri: https://benchling.com/api/v2/registries
  response:
    body:
      string: "{\n  \"registries\": [\n    {\n      \"id\": \"src_KE6uFvex\",\n      \"name\":
        \"Registry\",\n      \"owner\": {\n        \"handle\": \"klavinslab\",\n        \"id\":
        \"ent_8avhPeKB\",\n        \"name\": \"Klavins Lab\"\n      }\n    }\n  ]\n}"
    headers:
      Access-Control-Allow-Origin:
      - '*'
      Cache-Control:
      - private, no-cache, no-store
      Connection:
      - keep-alive
      Content-Length:
      - '208'
      Content-Type:
      - application/json
      Date:
      - Wed, 16 Oct 2019 03:41:13 GMT
      Expires:
      - Sat, 01 Jan 2000 00:00:00 GMT
      Pragma:
      - no-cache
      Server:
      - nginx
      Set-Cookie:
      - session=eyJhbm9ueW1vdXNfaWQiOnsiIGIiOiJZekZqT1RGbVpXWXRaV00xTlMwMFlqSXpMV0k1TWpNdFptTTRPR0k0TWprMll6UTAifX0.EIgi2Q.vep2F2boaowd3bVH958tXxK1RF4;
        Secure; HttpOnly; Path=/
      Strict-Transport-Security:
      - max-age=63072000; includeSubdomains; preload
      X-Content-Type-Options:
      - nosniff
      X-Frame-Options:
      - DENY
    status:
      code: 200
      message: OK
version: 1
