interactions:
- request:
    body: null
    headers:
      Accept:
      - '*/*'
      Accept-Encoding:
      - gzip, deflate
      Authorization:
      - Basic c2tfZTlnZ2ZsT2JqUWVTaFVMaXVBQVhxSWtEVHR0dWs6
      Connection:
      - keep-alive
      Cookie:
      - session=eyJhbm9ueW1vdXNfaWQiOnsiIGIiOiJObUV3Tm1ReVlXVXRNekZsTWkwME9UWm1MV0UzT0RZdE4yUm1NV0V5WTJNMk5tRmwifX0.EIf5Gw.2K04jxVo1djNthY0W-Z6W1bQL-M
      User-Agent:
      - python-requests/2.22.0
    method: GET
    uri: https://benchling.com/api/v2/registries
  response:
    body:
      string: "{\n  \"registries\": [\n    {\n      \"id\": \"src_KE6uFvex\",\n      \"name\":
        \"Registry\",\n      \"owner\": {\n        \"handle\": \"klavinslab\",\n        \"id\":
        \"ent_8avhPeKB\",\n        \"name\": \"Klavins Lab\"\n      }\n    }\n  ]\n}"
    headers:
      Access-Control-Allow-Origin:
      - '*'
      Cache-Control:
      - private, no-cache, no-store
      Connection:
      - keep-alive
      Content-Length:
      - '208'
      Content-Type:
      - application/json
      Date:
      - Wed, 16 Oct 2019 00:43:08 GMT
      Expires:
      - Sat, 01 Jan 2000 00:00:00 GMT
      Pragma:
      - no-cache
      Server:
      - nginx
      Set-Cookie:
      - session=eyJhbm9ueW1vdXNfaWQiOnsiIGIiOiJObUV3Tm1ReVlXVXRNekZsTWkwME9UWm1MV0UzT0RZdE4yUm1NV0V5WTJNMk5tRmwifX0.EIf5HA.KAPYAKf7XT-eQy1mOHRh6W_BIm4;
        Secure; HttpOnly; Path=/
      Strict-Transport-Security:
      - max-age=63072000; includeSubdomains; preload
      X-Content-Type-Options:
      - nosniff
      X-Frame-Options:
      - DENY
    status:
      code: 200
      message: OK
- request:
    body: null
    headers:
      Accept:
      - '*/*'
      Accept-Encoding:
      - gzip, deflate
      Authorization:
      - Basic c2tfZTlnZ2ZsT2JqUWVTaFVMaXVBQVhxSWtEVHR0dWs6
      Connection:
      - keep-alive
      Cookie:
      - session=eyJhbm9ueW1vdXNfaWQiOnsiIGIiOiJObUV3Tm1ReVlXVXRNekZsTWkwME9UWm1MV0UzT0RZdE4yUm1NV0V5WTJNMk5tRmwifX0.EIf5HA.KAPYAKf7XT-eQy1mOHRh6W_BIm4
      User-Agent:
      - python-requests/2.22.0
    method: GET
    uri: https://benchling.com/api/v2/registries
  response:
    body:
      string: "{\n  \"registries\": [\n    {\n      \"id\": \"src_KE6uFvex\",\n      \"name\":
        \"Registry\",\n      \"owner\": {\n        \"handle\": \"klavinslab\",\n        \"id\":
        \"ent_8avhPeKB\",\n        \"name\": \"Klavins Lab\"\n      }\n    }\n  ]\n}"
    headers:
      Access-Control-Allow-Origin:
      - '*'
      Cache-Control:
      - private, no-cache, no-store
      Connection:
      - keep-alive
      Content-Length:
      - '208'
      Content-Type:
      - application/json
      Date:
      - Wed, 16 Oct 2019 00:43:08 GMT
      Expires:
      - Sat, 01 Jan 2000 00:00:00 GMT
      Pragma:
      - no-cache
      Server:
      - nginx
      Set-Cookie:
      - session=eyJhbm9ueW1vdXNfaWQiOnsiIGIiOiJObUV3Tm1ReVlXVXRNekZsTWkwME9UWm1MV0UzT0RZdE4yUm1NV0V5WTJNMk5tRmwifX0.EIf5HA.KAPYAKf7XT-eQy1mOHRh6W_BIm4;
        Secure; HttpOnly; Path=/
      Strict-Transport-Security:
      - max-age=63072000; includeSubdomains; preload
      X-Content-Type-Options:
      - nosniff
      X-Frame-Options:
      - DENY
    status:
      code: 200
      message: OK
- request:
    body: null
    headers:
      Accept:
      - '*/*'
      Accept-Encoding:
      - gzip, deflate
      Authorization:
      - Basic c2tfZTlnZ2ZsT2JqUWVTaFVMaXVBQVhxSWtEVHR0dWs6
      Connection:
      - keep-alive
      Cookie:
      - session=eyJhbm9ueW1vdXNfaWQiOnsiIGIiOiJObUV3Tm1ReVlXVXRNekZsTWkwME9UWm1MV0UzT0RZdE4yUm1NV0V5WTJNMk5tRmwifX0.EIf5HA.KAPYAKf7XT-eQy1mOHRh6W_BIm4
      User-Agent:
      - python-requests/2.22.0
    method: GET
    uri: https://benchling.com/api/v2/registries/src_KE6uFvex/registered-entities:bulk-get?entityRegistryIds=adsklfherhg
  response:
    body:
      string: "{\n  \"error\": {\n    \"invalidIds\": [\n      \"adsklfherhg\"\n    ],\n
        \   \"message\": \"Invalid entityRegistryId: adsklfherhg\",\n    \"type\":
        \"invalid_request_error\",\n    \"userMessage\": \"Invalid entityRegistryId:
        adsklfherhg\"\n  }\n}"
    headers:
      Access-Control-Allow-Origin:
      - '*'
      Cache-Control:
      - private, no-cache, no-store
      Connection:
      - keep-alive
      Content-Length:
      - '219'
      Content-Type:
      - application/json
      Date:
      - Wed, 16 Oct 2019 00:43:09 GMT
      Expires:
      - Sat, 01 Jan 2000 00:00:00 GMT
      Pragma:
      - no-cache
      Server:
      - nginx
      Set-Cookie:
      - session=eyJhbm9ueW1vdXNfaWQiOnsiIGIiOiJObUV3Tm1ReVlXVXRNekZsTWkwME9UWm1MV0UzT0RZdE4yUm1NV0V5WTJNMk5tRmwifX0.EIf5HQ.IVE6gGdxN-ysAkf7hcald483PgE;
        Secure; HttpOnly; Path=/
      Strict-Transport-Security:
      - max-age=63072000; includeSubdomains; preload
      X-Content-Type-Options:
      - nosniff
      X-Frame-Options:
      - DENY
    status:
      code: 400
      message: BAD REQUEST
- request:
    body: null
    headers:
      Accept:
      - '*/*'
      Accept-Encoding:
      - gzip, deflate
      Authorization:
      - Basic c2tfZTlnZ2ZsT2JqUWVTaFVMaXVBQVhxSWtEVHR0dWs6
      Connection:
      - keep-alive
      Cookie:
      - session=eyJhbm9ueW1vdXNfaWQiOnsiIGIiOiJaR1kzWm1WaVpUUXRZbVZpTUMwMFlUWmhMV0V5T0RrdE56Vm1aR1JpTUdZM1ltRXoifX0.EIf6Vg.iQwqbKvtr8Jhn-RNmy-JFYumvfc
      User-Agent:
      - python-requests/2.22.0
    method: GET
    uri: https://benchling.com/api/v2/registries
  response:
    body:
      string: "{\n  \"registries\": [\n    {\n      \"id\": \"src_KE6uFvex\",\n      \"name\":
        \"Registry\",\n      \"owner\": {\n        \"handle\": \"klavinslab\",\n        \"id\":
        \"ent_8avhPeKB\",\n        \"name\": \"Klavins Lab\"\n      }\n    }\n  ]\n}"
    headers:
      Access-Control-Allow-Origin:
      - '*'
      Cache-Control:
      - private, no-cache, no-store
      Connection:
      - keep-alive
      Content-Length:
      - '208'
      Content-Type:
      - application/json
      Date:
      - Wed, 16 Oct 2019 00:48:23 GMT
      Expires:
      - Sat, 01 Jan 2000 00:00:00 GMT
      Pragma:
      - no-cache
      Server:
      - nginx
      Set-Cookie:
      - session=eyJhbm9ueW1vdXNfaWQiOnsiIGIiOiJaR1kzWm1WaVpUUXRZbVZpTUMwMFlUWmhMV0V5T0RrdE56Vm1aR1JpTUdZM1ltRXoifX0.EIf6Vw.Aqo0q04WT4MiLF_hCn9QxYqT3PE;
        Secure; HttpOnly; Path=/
      Strict-Transport-Security:
      - max-age=63072000; includeSubdomains; preload
      X-Content-Type-Options:
      - nosniff
      X-Frame-Options:
      - DENY
    status:
      code: 200
      message: OK
- request:
    body: null
    headers:
      Accept:
      - '*/*'
      Accept-Encoding:
      - gzip, deflate
      Authorization:
      - Basic c2tfZTlnZ2ZsT2JqUWVTaFVMaXVBQVhxSWtEVHR0dWs6
      Connection:
      - keep-alive
      Cookie:
      - session=eyJhbm9ueW1vdXNfaWQiOnsiIGIiOiJaR1kzWm1WaVpUUXRZbVZpTUMwMFlUWmhMV0V5T0RrdE56Vm1aR1JpTUdZM1ltRXoifX0.EIf6Vw.Aqo0q04WT4MiLF_hCn9QxYqT3PE
      User-Agent:
      - python-requests/2.22.0
    method: GET
    uri: https://benchling.com/api/v2/registries
  response:
    body:
      string: "{\n  \"registries\": [\n    {\n      \"id\": \"src_KE6uFvex\",\n      \"name\":
        \"Registry\",\n      \"owner\": {\n        \"handle\": \"klavinslab\",\n        \"id\":
        \"ent_8avhPeKB\",\n        \"name\": \"Klavins Lab\"\n      }\n    }\n  ]\n}"
    headers:
      Access-Control-Allow-Origin:
      - '*'
      Cache-Control:
      - private, no-cache, no-store
      Connection:
      - keep-alive
      Content-Length:
      - '208'
      Content-Type:
      - application/json
      Date:
      - Wed, 16 Oct 2019 00:48:24 GMT
      Expires:
      - Sat, 01 Jan 2000 00:00:00 GMT
      Pragma:
      - no-cache
      Server:
      - nginx
      Set-Cookie:
      - session=eyJhbm9ueW1vdXNfaWQiOnsiIGIiOiJaR1kzWm1WaVpUUXRZbVZpTUMwMFlUWmhMV0V5T0RrdE56Vm1aR1JpTUdZM1ltRXoifX0.EIf6WA.Oh4MZF0RtXfE9Hr6RnSRFiJspSM;
        Secure; HttpOnly; Path=/
      Strict-Transport-Security:
      - max-age=63072000; includeSubdomains; preload
      X-Content-Type-Options:
      - nosniff
      X-Frame-Options:
      - DENY
    status:
      code: 200
      message: OK
- request:
    body: null
    headers:
      Accept:
      - '*/*'
      Accept-Encoding:
      - gzip, deflate
      Authorization:
      - Basic c2tfZTlnZ2ZsT2JqUWVTaFVMaXVBQVhxSWtEVHR0dWs6
      Connection:
      - keep-alive
      Cookie:
      - session=eyJhbm9ueW1vdXNfaWQiOnsiIGIiOiJaR1kzWm1WaVpUUXRZbVZpTUMwMFlUWmhMV0V5T0RrdE56Vm1aR1JpTUdZM1ltRXoifX0.EIf6WA.Oh4MZF0RtXfE9Hr6RnSRFiJspSM
      User-Agent:
      - python-requests/2.22.0
    method: GET
    uri: https://benchling.com/api/v2/registries/src_KE6uFvex/registered-entities:bulk-get?entityRegistryIds=adsklfherhg
  response:
    body:
      string: "{\n  \"error\": {\n    \"invalidIds\": [\n      \"adsklfherhg\"\n    ],\n
        \   \"message\": \"Invalid entityRegistryId: adsklfherhg\",\n    \"type\":
        \"invalid_request_error\",\n    \"userMessage\": \"Invalid entityRegistryId:
        adsklfherhg\"\n  }\n}"
    headers:
      Access-Control-Allow-Origin:
      - '*'
      Cache-Control:
      - private, no-cache, no-store
      Connection:
      - keep-alive
      Content-Length:
      - '219'
      Content-Type:
      - application/json
      Date:
      - Wed, 16 Oct 2019 00:48:24 GMT
      Expires:
      - Sat, 01 Jan 2000 00:00:00 GMT
      Pragma:
      - no-cache
      Server:
      - nginx
      Set-Cookie:
      - session=eyJhbm9ueW1vdXNfaWQiOnsiIGIiOiJaR1kzWm1WaVpUUXRZbVZpTUMwMFlUWmhMV0V5T0RrdE56Vm1aR1JpTUdZM1ltRXoifX0.EIf6WA.Oh4MZF0RtXfE9Hr6RnSRFiJspSM;
        Secure; HttpOnly; Path=/
      Strict-Transport-Security:
      - max-age=63072000; includeSubdomains; preload
      X-Content-Type-Options:
      - nosniff
      X-Frame-Options:
      - DENY
    status:
      code: 400
      message: BAD REQUEST
- request:
    body: null
    headers:
      Accept:
      - '*/*'
      Accept-Encoding:
      - gzip, deflate
      Authorization:
      - Basic c2tfZTlnZ2ZsT2JqUWVTaFVMaXVBQVhxSWtEVHR0dWs6
      Connection:
      - keep-alive
      Cookie:
      - session=eyJhbm9ueW1vdXNfaWQiOnsiIGIiOiJPRFptTkRZeE5URXRNRFl5TVMwME5tVTVMVGd5WW1VdFpHSXhOamsxWXpGbE5HVXgifX0.EIf7Ng.VMzsBMnTap8j7DnI6Ui0aAKsE08
      User-Agent:
      - python-requests/2.22.0
    method: GET
    uri: https://benchling.com/api/v2/registries
  response:
    body:
      string: "{\n  \"registries\": [\n    {\n      \"id\": \"src_KE6uFvex\",\n      \"name\":
        \"Registry\",\n      \"owner\": {\n        \"handle\": \"klavinslab\",\n        \"id\":
        \"ent_8avhPeKB\",\n        \"name\": \"Klavins Lab\"\n      }\n    }\n  ]\n}"
    headers:
      Access-Control-Allow-Origin:
      - '*'
      Cache-Control:
      - private, no-cache, no-store
      Connection:
      - keep-alive
      Content-Length:
      - '208'
      Content-Type:
      - application/json
      Date:
      - Wed, 16 Oct 2019 00:52:07 GMT
      Expires:
      - Sat, 01 Jan 2000 00:00:00 GMT
      Pragma:
      - no-cache
      Server:
      - nginx
      Set-Cookie:
      - session=eyJhbm9ueW1vdXNfaWQiOnsiIGIiOiJPRFptTkRZeE5URXRNRFl5TVMwME5tVTVMVGd5WW1VdFpHSXhOamsxWXpGbE5HVXgifX0.EIf7Nw.wVJquNiFfa6fpUlzRtf29eDT4YA;
        Secure; HttpOnly; Path=/
      Strict-Transport-Security:
      - max-age=63072000; includeSubdomains; preload
      X-Content-Type-Options:
      - nosniff
      X-Frame-Options:
      - DENY
    status:
      code: 200
      message: OK
- request:
    body: null
    headers:
      Accept:
      - '*/*'
      Accept-Encoding:
      - gzip, deflate
      Authorization:
      - Basic c2tfZTlnZ2ZsT2JqUWVTaFVMaXVBQVhxSWtEVHR0dWs6
      Connection:
      - keep-alive
      Cookie:
      - session=eyJhbm9ueW1vdXNfaWQiOnsiIGIiOiJPRFptTkRZeE5URXRNRFl5TVMwME5tVTVMVGd5WW1VdFpHSXhOamsxWXpGbE5HVXgifX0.EIf7Nw.wVJquNiFfa6fpUlzRtf29eDT4YA
      User-Agent:
      - python-requests/2.22.0
    method: GET
    uri: https://benchling.com/api/v2/registries
  response:
    body:
      string: "{\n  \"registries\": [\n    {\n      \"id\": \"src_KE6uFvex\",\n      \"name\":
        \"Registry\",\n      \"owner\": {\n        \"handle\": \"klavinslab\",\n        \"id\":
        \"ent_8avhPeKB\",\n        \"name\": \"Klavins Lab\"\n      }\n    }\n  ]\n}"
    headers:
      Access-Control-Allow-Origin:
      - '*'
      Cache-Control:
      - private, no-cache, no-store
      Connection:
      - keep-alive
      Content-Length:
      - '208'
      Content-Type:
      - application/json
      Date:
      - Wed, 16 Oct 2019 00:52:07 GMT
      Expires:
      - Sat, 01 Jan 2000 00:00:00 GMT
      Pragma:
      - no-cache
      Server:
      - nginx
      Set-Cookie:
      - session=eyJhbm9ueW1vdXNfaWQiOnsiIGIiOiJPRFptTkRZeE5URXRNRFl5TVMwME5tVTVMVGd5WW1VdFpHSXhOamsxWXpGbE5HVXgifX0.EIf7Nw.wVJquNiFfa6fpUlzRtf29eDT4YA;
        Secure; HttpOnly; Path=/
      Strict-Transport-Security:
      - max-age=63072000; includeSubdomains; preload
      X-Content-Type-Options:
      - nosniff
      X-Frame-Options:
      - DENY
    status:
      code: 200
      message: OK
- request:
    body: null
    headers:
      Accept:
      - '*/*'
      Accept-Encoding:
      - gzip, deflate
      Authorization:
      - Basic c2tfZTlnZ2ZsT2JqUWVTaFVMaXVBQVhxSWtEVHR0dWs6
      Connection:
      - keep-alive
      Cookie:
      - session=eyJhbm9ueW1vdXNfaWQiOnsiIGIiOiJPRFptTkRZeE5URXRNRFl5TVMwME5tVTVMVGd5WW1VdFpHSXhOamsxWXpGbE5HVXgifX0.EIf7Nw.wVJquNiFfa6fpUlzRtf29eDT4YA
      User-Agent:
      - python-requests/2.22.0
    method: GET
    uri: https://benchling.com/api/v2/registries/src_KE6uFvex/registered-entities:bulk-get?entityRegistryIds=adsklfherhg
  response:
    body:
      string: "{\n  \"error\": {\n    \"invalidIds\": [\n      \"adsklfherhg\"\n    ],\n
        \   \"message\": \"Invalid entityRegistryId: adsklfherhg\",\n    \"type\":
        \"invalid_request_error\",\n    \"userMessage\": \"Invalid entityRegistryId:
        adsklfherhg\"\n  }\n}"
    headers:
      Access-Control-Allow-Origin:
      - '*'
      Cache-Control:
      - private, no-cache, no-store
      Connection:
      - keep-alive
      Content-Length:
      - '219'
      Content-Type:
      - application/json
      Date:
      - Wed, 16 Oct 2019 00:52:07 GMT
      Expires:
      - Sat, 01 Jan 2000 00:00:00 GMT
      Pragma:
      - no-cache
      Server:
      - nginx
      Set-Cookie:
      - session=eyJhbm9ueW1vdXNfaWQiOnsiIGIiOiJPRFptTkRZeE5URXRNRFl5TVMwME5tVTVMVGd5WW1VdFpHSXhOamsxWXpGbE5HVXgifX0.EIf7Nw.wVJquNiFfa6fpUlzRtf29eDT4YA;
        Secure; HttpOnly; Path=/
      Strict-Transport-Security:
      - max-age=63072000; includeSubdomains; preload
      X-Content-Type-Options:
      - nosniff
      X-Frame-Options:
      - DENY
    status:
      code: 400
      message: BAD REQUEST
- request:
    body: null
    headers:
      Accept:
      - '*/*'
      Accept-Encoding:
      - gzip, deflate
      Authorization:
      - Basic c2tfZTlnZ2ZsT2JqUWVTaFVMaXVBQVhxSWtEVHR0dWs6
      Connection:
      - keep-alive
      Cookie:
      - session=eyJhbm9ueW1vdXNfaWQiOnsiIGIiOiJOek0wTkRKbU9UY3RNRFUyTXkwMFlUSTFMV0ppTUdFdE1qVTBZalEzT0RRNU16bGwifX0.EIf75w.8uLX1NEJ9EsKXYHF43U8oZ0J6cY
      User-Agent:
      - python-requests/2.22.0
    method: GET
    uri: https://benchling.com/api/v2/registries
  response:
    body:
      string: "{\n  \"registries\": [\n    {\n      \"id\": \"src_KE6uFvex\",\n      \"name\":
        \"Registry\",\n      \"owner\": {\n        \"handle\": \"klavinslab\",\n        \"id\":
        \"ent_8avhPeKB\",\n        \"name\": \"Klavins Lab\"\n      }\n    }\n  ]\n}"
    headers:
      Access-Control-Allow-Origin:
      - '*'
      Cache-Control:
      - private, no-cache, no-store
      Connection:
      - keep-alive
      Content-Length:
      - '208'
      Content-Type:
      - application/json
      Date:
      - Wed, 16 Oct 2019 00:55:03 GMT
      Expires:
      - Sat, 01 Jan 2000 00:00:00 GMT
      Pragma:
      - no-cache
      Server:
      - nginx
      Set-Cookie:
      - session=eyJhbm9ueW1vdXNfaWQiOnsiIGIiOiJOek0wTkRKbU9UY3RNRFUyTXkwMFlUSTFMV0ppTUdFdE1qVTBZalEzT0RRNU16bGwifX0.EIf75w.8uLX1NEJ9EsKXYHF43U8oZ0J6cY;
        Secure; HttpOnly; Path=/
      Strict-Transport-Security:
      - max-age=63072000; includeSubdomains; preload
      X-Content-Type-Options:
      - nosniff
      X-Frame-Options:
      - DENY
    status:
      code: 200
      message: OK
- request:
    body: null
    headers:
      Accept:
      - '*/*'
      Accept-Encoding:
      - gzip, deflate
      Authorization:
      - Basic c2tfZTlnZ2ZsT2JqUWVTaFVMaXVBQVhxSWtEVHR0dWs6
      Connection:
      - keep-alive
      Cookie:
      - session=eyJhbm9ueW1vdXNfaWQiOnsiIGIiOiJOek0wTkRKbU9UY3RNRFUyTXkwMFlUSTFMV0ppTUdFdE1qVTBZalEzT0RRNU16bGwifX0.EIf75w.8uLX1NEJ9EsKXYHF43U8oZ0J6cY
      User-Agent:
      - python-requests/2.22.0
    method: GET
    uri: https://benchling.com/api/v2/registries
  response:
    body:
      string: "{\n  \"registries\": [\n    {\n      \"id\": \"src_KE6uFvex\",\n      \"name\":
        \"Registry\",\n      \"owner\": {\n        \"handle\": \"klavinslab\",\n        \"id\":
        \"ent_8avhPeKB\",\n        \"name\": \"Klavins Lab\"\n      }\n    }\n  ]\n}"
    headers:
      Access-Control-Allow-Origin:
      - '*'
      Cache-Control:
      - private, no-cache, no-store
      Connection:
      - keep-alive
      Content-Length:
      - '208'
      Content-Type:
      - application/json
      Date:
      - Wed, 16 Oct 2019 00:55:04 GMT
      Expires:
      - Sat, 01 Jan 2000 00:00:00 GMT
      Pragma:
      - no-cache
      Server:
      - nginx
      Set-Cookie:
      - session=eyJhbm9ueW1vdXNfaWQiOnsiIGIiOiJOek0wTkRKbU9UY3RNRFUyTXkwMFlUSTFMV0ppTUdFdE1qVTBZalEzT0RRNU16bGwifX0.EIf76A.W-W-tzI3MMhS3P3ADTssgGOX5Gw;
        Secure; HttpOnly; Path=/
      Strict-Transport-Security:
      - max-age=63072000; includeSubdomains; preload
      X-Content-Type-Options:
      - nosniff
      X-Frame-Options:
      - DENY
    status:
      code: 200
      message: OK
- request:
    body: null
    headers:
      Accept:
      - '*/*'
      Accept-Encoding:
      - gzip, deflate
      Authorization:
      - Basic c2tfZTlnZ2ZsT2JqUWVTaFVMaXVBQVhxSWtEVHR0dWs6
      Connection:
      - keep-alive
      Cookie:
      - session=eyJhbm9ueW1vdXNfaWQiOnsiIGIiOiJOek0wTkRKbU9UY3RNRFUyTXkwMFlUSTFMV0ppTUdFdE1qVTBZalEzT0RRNU16bGwifX0.EIf76A.W-W-tzI3MMhS3P3ADTssgGOX5Gw
      User-Agent:
      - python-requests/2.22.0
    method: GET
    uri: https://benchling.com/api/v2/registries/src_KE6uFvex/registered-entities:bulk-get?entityRegistryIds=adsklfherhg
  response:
    body:
      string: "{\n  \"error\": {\n    \"invalidIds\": [\n      \"adsklfherhg\"\n    ],\n
        \   \"message\": \"Invalid entityRegistryId: adsklfherhg\",\n    \"type\":
        \"invalid_request_error\",\n    \"userMessage\": \"Invalid entityRegistryId:
        adsklfherhg\"\n  }\n}"
    headers:
      Access-Control-Allow-Origin:
      - '*'
      Cache-Control:
      - private, no-cache, no-store
      Connection:
      - keep-alive
      Content-Length:
      - '219'
      Content-Type:
      - application/json
      Date:
      - Wed, 16 Oct 2019 00:55:04 GMT
      Expires:
      - Sat, 01 Jan 2000 00:00:00 GMT
      Pragma:
      - no-cache
      Server:
      - nginx
      Set-Cookie:
      - session=eyJhbm9ueW1vdXNfaWQiOnsiIGIiOiJOek0wTkRKbU9UY3RNRFUyTXkwMFlUSTFMV0ppTUdFdE1qVTBZalEzT0RRNU16bGwifX0.EIf76A.W-W-tzI3MMhS3P3ADTssgGOX5Gw;
        Secure; HttpOnly; Path=/
      Strict-Transport-Security:
      - max-age=63072000; includeSubdomains; preload
      X-Content-Type-Options:
      - nosniff
      X-Frame-Options:
      - DENY
    status:
      code: 400
      message: BAD REQUEST
- request:
    body: null
    headers:
      Accept:
      - '*/*'
      Accept-Encoding:
      - gzip, deflate
      Authorization:
      - Basic c2tfZTlnZ2ZsT2JqUWVTaFVMaXVBQVhxSWtEVHR0dWs6
      Connection:
      - keep-alive
      Cookie:
      - session=eyJhbm9ueW1vdXNfaWQiOnsiIGIiOiJOMlpoWTJZek5HWXRNalk1T1MwME9EVTRMVGd5WVRjdE4yWmpZekU0WWpSbE5UaGwifX0.EIgEfA.oy1ODJPf--M05q3PUOiRlo4-rYk
      User-Agent:
      - python-requests/2.22.0
    method: GET
    uri: https://benchling.com/api/v2/registries
  response:
    body:
      string: "{\n  \"registries\": [\n    {\n      \"id\": \"src_KE6uFvex\",\n      \"name\":
        \"Registry\",\n      \"owner\": {\n        \"handle\": \"klavinslab\",\n        \"id\":
        \"ent_8avhPeKB\",\n        \"name\": \"Klavins Lab\"\n      }\n    }\n  ]\n}"
    headers:
      Access-Control-Allow-Origin:
      - '*'
      Cache-Control:
      - private, no-cache, no-store
      Connection:
      - keep-alive
      Content-Length:
      - '208'
      Content-Type:
      - application/json
      Date:
      - Wed, 16 Oct 2019 01:31:41 GMT
      Expires:
      - Sat, 01 Jan 2000 00:00:00 GMT
      Pragma:
      - no-cache
      Server:
      - nginx
      Set-Cookie:
      - session=eyJhbm9ueW1vdXNfaWQiOnsiIGIiOiJOMlpoWTJZek5HWXRNalk1T1MwME9EVTRMVGd5WVRjdE4yWmpZekU0WWpSbE5UaGwifX0.EIgEfQ.W9flcHCWL-OPvzFPIf1LJivU4Mc;
        Secure; HttpOnly; Path=/
      Strict-Transport-Security:
      - max-age=63072000; includeSubdomains; preload
      X-Content-Type-Options:
      - nosniff
      X-Frame-Options:
      - DENY
    status:
      code: 200
      message: OK
- request:
    body: null
    headers:
      Accept:
      - '*/*'
      Accept-Encoding:
      - gzip, deflate
      Authorization:
      - Basic c2tfZTlnZ2ZsT2JqUWVTaFVMaXVBQVhxSWtEVHR0dWs6
      Connection:
      - keep-alive
      Cookie:
      - session=eyJhbm9ueW1vdXNfaWQiOnsiIGIiOiJOMlpoWTJZek5HWXRNalk1T1MwME9EVTRMVGd5WVRjdE4yWmpZekU0WWpSbE5UaGwifX0.EIgEfQ.W9flcHCWL-OPvzFPIf1LJivU4Mc
      User-Agent:
      - python-requests/2.22.0
    method: GET
    uri: https://benchling.com/api/v2/registries
  response:
    body:
      string: "{\n  \"registries\": [\n    {\n      \"id\": \"src_KE6uFvex\",\n      \"name\":
        \"Registry\",\n      \"owner\": {\n        \"handle\": \"klavinslab\",\n        \"id\":
        \"ent_8avhPeKB\",\n        \"name\": \"Klavins Lab\"\n      }\n    }\n  ]\n}"
    headers:
      Access-Control-Allow-Origin:
      - '*'
      Cache-Control:
      - private, no-cache, no-store
      Connection:
      - keep-alive
      Content-Length:
      - '208'
      Content-Type:
      - application/json
      Date:
      - Wed, 16 Oct 2019 01:31:41 GMT
      Expires:
      - Sat, 01 Jan 2000 00:00:00 GMT
      Pragma:
      - no-cache
      Server:
      - nginx
      Set-Cookie:
      - session=eyJhbm9ueW1vdXNfaWQiOnsiIGIiOiJOMlpoWTJZek5HWXRNalk1T1MwME9EVTRMVGd5WVRjdE4yWmpZekU0WWpSbE5UaGwifX0.EIgEfQ.W9flcHCWL-OPvzFPIf1LJivU4Mc;
        Secure; HttpOnly; Path=/
      Strict-Transport-Security:
      - max-age=63072000; includeSubdomains; preload
      X-Content-Type-Options:
      - nosniff
      X-Frame-Options:
      - DENY
    status:
      code: 200
      message: OK
- request:
    body: null
    headers:
      Accept:
      - '*/*'
      Accept-Encoding:
      - gzip, deflate
      Authorization:
      - Basic c2tfZTlnZ2ZsT2JqUWVTaFVMaXVBQVhxSWtEVHR0dWs6
      Connection:
      - keep-alive
      Cookie:
      - session=eyJhbm9ueW1vdXNfaWQiOnsiIGIiOiJOMlpoWTJZek5HWXRNalk1T1MwME9EVTRMVGd5WVRjdE4yWmpZekU0WWpSbE5UaGwifX0.EIgEfQ.W9flcHCWL-OPvzFPIf1LJivU4Mc
      User-Agent:
      - python-requests/2.22.0
    method: GET
    uri: https://benchling.com/api/v2/registries/src_KE6uFvex/registered-entities:bulk-get?entityRegistryIds=adsklfherhg
  response:
    body:
      string: "{\n  \"error\": {\n    \"invalidIds\": [\n      \"adsklfherhg\"\n    ],\n
        \   \"message\": \"Invalid entityRegistryId: adsklfherhg\",\n    \"type\":
        \"invalid_request_error\",\n    \"userMessage\": \"Invalid entityRegistryId:
        adsklfherhg\"\n  }\n}"
    headers:
      Access-Control-Allow-Origin:
      - '*'
      Cache-Control:
      - private, no-cache, no-store
      Connection:
      - keep-alive
      Content-Length:
      - '219'
      Content-Type:
      - application/json
      Date:
      - Wed, 16 Oct 2019 01:31:41 GMT
      Expires:
      - Sat, 01 Jan 2000 00:00:00 GMT
      Pragma:
      - no-cache
      Server:
      - nginx
      Set-Cookie:
      - session=eyJhbm9ueW1vdXNfaWQiOnsiIGIiOiJOMlpoWTJZek5HWXRNalk1T1MwME9EVTRMVGd5WVRjdE4yWmpZekU0WWpSbE5UaGwifX0.EIgEfQ.W9flcHCWL-OPvzFPIf1LJivU4Mc;
        Secure; HttpOnly; Path=/
      Strict-Transport-Security:
      - max-age=63072000; includeSubdomains; preload
      X-Content-Type-Options:
      - nosniff
      X-Frame-Options:
      - DENY
    status:
      code: 400
      message: BAD REQUEST
- request:
    body: null
    headers:
      Accept:
      - '*/*'
      Accept-Encoding:
      - gzip, deflate
      Authorization:
      - Basic c2tfZTlnZ2ZsT2JqUWVTaFVMaXVBQVhxSWtEVHR0dWs6
      Connection:
      - keep-alive
      Cookie:
      - session=eyJhbm9ueW1vdXNfaWQiOnsiIGIiOiJObVJrT0dFMk56RXRPVGN4WVMwME9HWmlMVGt5T0RRdE9UWXpZVGt5WVRSbU16SXgifX0.EIgH5Q.XiHMm_EezfR0bho_KUqG9M5N6EA
      User-Agent:
      - python-requests/2.22.0
    method: GET
    uri: https://benchling.com/api/v2/registries
  response:
    body:
      string: "{\n  \"registries\": [\n    {\n      \"id\": \"src_KE6uFvex\",\n      \"name\":
        \"Registry\",\n      \"owner\": {\n        \"handle\": \"klavinslab\",\n        \"id\":
        \"ent_8avhPeKB\",\n        \"name\": \"Klavins Lab\"\n      }\n    }\n  ]\n}"
    headers:
      Access-Control-Allow-Origin:
      - '*'
      Cache-Control:
      - private, no-cache, no-store
      Connection:
      - keep-alive
      Content-Length:
      - '208'
      Content-Type:
      - application/json
      Date:
      - Wed, 16 Oct 2019 01:46:13 GMT
      Expires:
      - Sat, 01 Jan 2000 00:00:00 GMT
      Pragma:
      - no-cache
      Server:
      - nginx
      Set-Cookie:
      - session=eyJhbm9ueW1vdXNfaWQiOnsiIGIiOiJObVJrT0dFMk56RXRPVGN4WVMwME9HWmlMVGt5T0RRdE9UWXpZVGt5WVRSbU16SXgifX0.EIgH5Q.XiHMm_EezfR0bho_KUqG9M5N6EA;
        Secure; HttpOnly; Path=/
      Strict-Transport-Security:
      - max-age=63072000; includeSubdomains; preload
      X-Content-Type-Options:
      - nosniff
      X-Frame-Options:
      - DENY
    status:
      code: 200
      message: OK
- request:
    body: null
    headers:
      Accept:
      - '*/*'
      Accept-Encoding:
      - gzip, deflate
      Authorization:
      - Basic c2tfZTlnZ2ZsT2JqUWVTaFVMaXVBQVhxSWtEVHR0dWs6
      Connection:
      - keep-alive
      Cookie:
      - session=eyJhbm9ueW1vdXNfaWQiOnsiIGIiOiJObVJrT0dFMk56RXRPVGN4WVMwME9HWmlMVGt5T0RRdE9UWXpZVGt5WVRSbU16SXgifX0.EIgH5Q.XiHMm_EezfR0bho_KUqG9M5N6EA
      User-Agent:
      - python-requests/2.22.0
    method: GET
    uri: https://benchling.com/api/v2/registries
  response:
    body:
      string: "{\n  \"registries\": [\n    {\n      \"id\": \"src_KE6uFvex\",\n      \"name\":
        \"Registry\",\n      \"owner\": {\n        \"handle\": \"klavinslab\",\n        \"id\":
        \"ent_8avhPeKB\",\n        \"name\": \"Klavins Lab\"\n      }\n    }\n  ]\n}"
    headers:
      Access-Control-Allow-Origin:
      - '*'
      Cache-Control:
      - private, no-cache, no-store
      Connection:
      - keep-alive
      Content-Length:
      - '208'
      Content-Type:
      - application/json
      Date:
      - Wed, 16 Oct 2019 01:46:14 GMT
      Expires:
      - Sat, 01 Jan 2000 00:00:00 GMT
      Pragma:
      - no-cache
      Server:
      - nginx
      Set-Cookie:
      - session=eyJhbm9ueW1vdXNfaWQiOnsiIGIiOiJObVJrT0dFMk56RXRPVGN4WVMwME9HWmlMVGt5T0RRdE9UWXpZVGt5WVRSbU16SXgifX0.EIgH5g.sQ6y0NFEC2hfJPp2pM-ouxr2uBw;
        Secure; HttpOnly; Path=/
      Strict-Transport-Security:
      - max-age=63072000; includeSubdomains; preload
      X-Content-Type-Options:
      - nosniff
      X-Frame-Options:
      - DENY
    status:
      code: 200
      message: OK
- request:
    body: null
    headers:
      Accept:
      - '*/*'
      Accept-Encoding:
      - gzip, deflate
      Authorization:
      - Basic c2tfZTlnZ2ZsT2JqUWVTaFVMaXVBQVhxSWtEVHR0dWs6
      Connection:
      - keep-alive
      Cookie:
      - session=eyJhbm9ueW1vdXNfaWQiOnsiIGIiOiJObVJrT0dFMk56RXRPVGN4WVMwME9HWmlMVGt5T0RRdE9UWXpZVGt5WVRSbU16SXgifX0.EIgH5g.sQ6y0NFEC2hfJPp2pM-ouxr2uBw
      User-Agent:
      - python-requests/2.22.0
    method: GET
    uri: https://benchling.com/api/v2/registries/src_KE6uFvex/registered-entities:bulk-get?entityRegistryIds=adsklfherhg
  response:
    body:
      string: "{\n  \"error\": {\n    \"invalidIds\": [\n      \"adsklfherhg\"\n    ],\n
        \   \"message\": \"Invalid entityRegistryId: adsklfherhg\",\n    \"type\":
        \"invalid_request_error\",\n    \"userMessage\": \"Invalid entityRegistryId:
        adsklfherhg\"\n  }\n}"
    headers:
      Access-Control-Allow-Origin:
      - '*'
      Cache-Control:
      - private, no-cache, no-store
      Connection:
      - keep-alive
      Content-Length:
      - '219'
      Content-Type:
      - application/json
      Date:
      - Wed, 16 Oct 2019 01:46:14 GMT
      Expires:
      - Sat, 01 Jan 2000 00:00:00 GMT
      Pragma:
      - no-cache
      Server:
      - nginx
      Set-Cookie:
      - session=eyJhbm9ueW1vdXNfaWQiOnsiIGIiOiJObVJrT0dFMk56RXRPVGN4WVMwME9HWmlMVGt5T0RRdE9UWXpZVGt5WVRSbU16SXgifX0.EIgH5g.sQ6y0NFEC2hfJPp2pM-ouxr2uBw;
        Secure; HttpOnly; Path=/
      Strict-Transport-Security:
      - max-age=63072000; includeSubdomains; preload
      X-Content-Type-Options:
      - nosniff
      X-Frame-Options:
      - DENY
    status:
      code: 400
      message: BAD REQUEST
- request:
    body: null
    headers:
      Accept:
      - '*/*'
      Accept-Encoding:
      - gzip, deflate
      Authorization:
      - Basic c2tfZTlnZ2ZsT2JqUWVTaFVMaXVBQVhxSWtEVHR0dWs6
      Connection:
      - keep-alive
      Cookie:
      - session=eyJhbm9ueW1vdXNfaWQiOnsiIGIiOiJNVFUwTTJNeU4yUXRNall5WWkwMFptWmxMVGt3TVdNdFl6ZGtPR0k0WXpGa05qSTAifX0.EIgMXw.val5Bigbr22SL8RjOGSDHRGxCII
      User-Agent:
      - python-requests/2.22.0
    method: GET
    uri: https://benchling.com/api/v2/registries
  response:
    body:
      string: "{\n  \"registries\": [\n    {\n      \"id\": \"src_KE6uFvex\",\n      \"name\":
        \"Registry\",\n      \"owner\": {\n        \"handle\": \"klavinslab\",\n        \"id\":
        \"ent_8avhPeKB\",\n        \"name\": \"Klavins Lab\"\n      }\n    }\n  ]\n}"
    headers:
      Access-Control-Allow-Origin:
      - '*'
      Cache-Control:
      - private, no-cache, no-store
      Connection:
      - keep-alive
      Content-Length:
      - '208'
      Content-Type:
      - application/json
      Date:
      - Wed, 16 Oct 2019 02:05:20 GMT
      Expires:
      - Sat, 01 Jan 2000 00:00:00 GMT
      Pragma:
      - no-cache
      Server:
      - nginx
      Set-Cookie:
      - session=eyJhbm9ueW1vdXNfaWQiOnsiIGIiOiJNVFUwTTJNeU4yUXRNall5WWkwMFptWmxMVGt3TVdNdFl6ZGtPR0k0WXpGa05qSTAifX0.EIgMYA.ciiK1lb8pjHWQgGI0fBV5R4o9Dg;
        Secure; HttpOnly; Path=/
      Strict-Transport-Security:
      - max-age=63072000; includeSubdomains; preload
      X-Content-Type-Options:
      - nosniff
      X-Frame-Options:
      - DENY
    status:
      code: 200
      message: OK
- request:
    body: null
    headers:
      Accept:
      - '*/*'
      Accept-Encoding:
      - gzip, deflate
      Authorization:
      - Basic c2tfZTlnZ2ZsT2JqUWVTaFVMaXVBQVhxSWtEVHR0dWs6
      Connection:
      - keep-alive
      Cookie:
      - session=eyJhbm9ueW1vdXNfaWQiOnsiIGIiOiJNVFUwTTJNeU4yUXRNall5WWkwMFptWmxMVGt3TVdNdFl6ZGtPR0k0WXpGa05qSTAifX0.EIgMYA.ciiK1lb8pjHWQgGI0fBV5R4o9Dg
      User-Agent:
      - python-requests/2.22.0
    method: GET
    uri: https://benchling.com/api/v2/registries
  response:
    body:
      string: "{\n  \"registries\": [\n    {\n      \"id\": \"src_KE6uFvex\",\n      \"name\":
        \"Registry\",\n      \"owner\": {\n        \"handle\": \"klavinslab\",\n        \"id\":
        \"ent_8avhPeKB\",\n        \"name\": \"Klavins Lab\"\n      }\n    }\n  ]\n}"
    headers:
      Access-Control-Allow-Origin:
      - '*'
      Cache-Control:
      - private, no-cache, no-store
      Connection:
      - keep-alive
      Content-Length:
      - '208'
      Content-Type:
      - application/json
      Date:
      - Wed, 16 Oct 2019 02:05:21 GMT
      Expires:
      - Sat, 01 Jan 2000 00:00:00 GMT
      Pragma:
      - no-cache
      Server:
      - nginx
      Set-Cookie:
      - session=eyJhbm9ueW1vdXNfaWQiOnsiIGIiOiJNVFUwTTJNeU4yUXRNall5WWkwMFptWmxMVGt3TVdNdFl6ZGtPR0k0WXpGa05qSTAifX0.EIgMYQ.Ah0soRi2wqwJgW1ysrtR91Te-CY;
        Secure; HttpOnly; Path=/
      Strict-Transport-Security:
      - max-age=63072000; includeSubdomains; preload
      X-Content-Type-Options:
      - nosniff
      X-Frame-Options:
      - DENY
    status:
      code: 200
      message: OK
- request:
    body: null
    headers:
      Accept:
      - '*/*'
      Accept-Encoding:
      - gzip, deflate
      Authorization:
      - Basic c2tfZTlnZ2ZsT2JqUWVTaFVMaXVBQVhxSWtEVHR0dWs6
      Connection:
      - keep-alive
      Cookie:
      - session=eyJhbm9ueW1vdXNfaWQiOnsiIGIiOiJNVFUwTTJNeU4yUXRNall5WWkwMFptWmxMVGt3TVdNdFl6ZGtPR0k0WXpGa05qSTAifX0.EIgMYQ.Ah0soRi2wqwJgW1ysrtR91Te-CY
      User-Agent:
      - python-requests/2.22.0
    method: GET
    uri: https://benchling.com/api/v2/registries/src_KE6uFvex/registered-entities:bulk-get?entityRegistryIds=adsklfherhg
  response:
    body:
      string: "{\n  \"error\": {\n    \"invalidIds\": [\n      \"adsklfherhg\"\n    ],\n
        \   \"message\": \"Invalid entityRegistryId: adsklfherhg\",\n    \"type\":
        \"invalid_request_error\",\n    \"userMessage\": \"Invalid entityRegistryId:
        adsklfherhg\"\n  }\n}"
    headers:
      Access-Control-Allow-Origin:
      - '*'
      Cache-Control:
      - private, no-cache, no-store
      Connection:
      - keep-alive
      Content-Length:
      - '219'
      Content-Type:
      - application/json
      Date:
      - Wed, 16 Oct 2019 02:05:21 GMT
      Expires:
      - Sat, 01 Jan 2000 00:00:00 GMT
      Pragma:
      - no-cache
      Server:
      - nginx
      Set-Cookie:
      - session=eyJhbm9ueW1vdXNfaWQiOnsiIGIiOiJNVFUwTTJNeU4yUXRNall5WWkwMFptWmxMVGt3TVdNdFl6ZGtPR0k0WXpGa05qSTAifX0.EIgMYQ.Ah0soRi2wqwJgW1ysrtR91Te-CY;
        Secure; HttpOnly; Path=/
      Strict-Transport-Security:
      - max-age=63072000; includeSubdomains; preload
      X-Content-Type-Options:
      - nosniff
      X-Frame-Options:
      - DENY
    status:
      code: 400
      message: BAD REQUEST
- request:
    body: null
    headers:
      Accept:
      - '*/*'
      Accept-Encoding:
      - gzip, deflate
      Authorization:
      - Basic c2tfZTlnZ2ZsT2JqUWVTaFVMaXVBQVhxSWtEVHR0dWs6
      Connection:
      - keep-alive
      Cookie:
      - session=eyJhbm9ueW1vdXNfaWQiOnsiIGIiOiJZekJsWmpreE1qWXROekU0TWkwME9UWmpMV0prWVdRdFpUSTBaVEpoTmpOa00ySmsifX0.EIgNUg.ecbg10l4uBV8eAMKvJ0ug3M1UWQ
      User-Agent:
      - python-requests/2.22.0
    method: GET
    uri: https://benchling.com/api/v2/registries
  response:
    body:
      string: "{\n  \"registries\": [\n    {\n      \"id\": \"src_KE6uFvex\",\n      \"name\":
        \"Registry\",\n      \"owner\": {\n        \"handle\": \"klavinslab\",\n        \"id\":
        \"ent_8avhPeKB\",\n        \"name\": \"Klavins Lab\"\n      }\n    }\n  ]\n}"
    headers:
      Access-Control-Allow-Origin:
      - '*'
      Cache-Control:
      - private, no-cache, no-store
      Connection:
      - keep-alive
      Content-Length:
      - '208'
      Content-Type:
      - application/json
      Date:
      - Wed, 16 Oct 2019 02:09:22 GMT
      Expires:
      - Sat, 01 Jan 2000 00:00:00 GMT
      Pragma:
      - no-cache
      Server:
      - nginx
      Set-Cookie:
      - session=eyJhbm9ueW1vdXNfaWQiOnsiIGIiOiJZekJsWmpreE1qWXROekU0TWkwME9UWmpMV0prWVdRdFpUSTBaVEpoTmpOa00ySmsifX0.EIgNUg.ecbg10l4uBV8eAMKvJ0ug3M1UWQ;
        Secure; HttpOnly; Path=/
      Strict-Transport-Security:
      - max-age=63072000; includeSubdomains; preload
      X-Content-Type-Options:
      - nosniff
      X-Frame-Options:
      - DENY
    status:
      code: 200
      message: OK
- request:
    body: null
    headers:
      Accept:
      - '*/*'
      Accept-Encoding:
      - gzip, deflate
      Authorization:
      - Basic c2tfZTlnZ2ZsT2JqUWVTaFVMaXVBQVhxSWtEVHR0dWs6
      Connection:
      - keep-alive
      Cookie:
      - session=eyJhbm9ueW1vdXNfaWQiOnsiIGIiOiJZekJsWmpreE1qWXROekU0TWkwME9UWmpMV0prWVdRdFpUSTBaVEpoTmpOa00ySmsifX0.EIgNUg.ecbg10l4uBV8eAMKvJ0ug3M1UWQ
      User-Agent:
      - python-requests/2.22.0
    method: GET
    uri: https://benchling.com/api/v2/registries
  response:
    body:
      string: "{\n  \"registries\": [\n    {\n      \"id\": \"src_KE6uFvex\",\n      \"name\":
        \"Registry\",\n      \"owner\": {\n        \"handle\": \"klavinslab\",\n        \"id\":
        \"ent_8avhPeKB\",\n        \"name\": \"Klavins Lab\"\n      }\n    }\n  ]\n}"
    headers:
      Access-Control-Allow-Origin:
      - '*'
      Cache-Control:
      - private, no-cache, no-store
      Connection:
      - keep-alive
      Content-Length:
      - '208'
      Content-Type:
      - application/json
      Date:
      - Wed, 16 Oct 2019 02:09:23 GMT
      Expires:
      - Sat, 01 Jan 2000 00:00:00 GMT
      Pragma:
      - no-cache
      Server:
      - nginx
      Set-Cookie:
      - session=eyJhbm9ueW1vdXNfaWQiOnsiIGIiOiJZekJsWmpreE1qWXROekU0TWkwME9UWmpMV0prWVdRdFpUSTBaVEpoTmpOa00ySmsifX0.EIgNUw.XWsTjzpXkUHe2iX8p75_CRdVLsY;
        Secure; HttpOnly; Path=/
      Strict-Transport-Security:
      - max-age=63072000; includeSubdomains; preload
      X-Content-Type-Options:
      - nosniff
      X-Frame-Options:
      - DENY
    status:
      code: 200
      message: OK
- request:
    body: null
    headers:
      Accept:
      - '*/*'
      Accept-Encoding:
      - gzip, deflate
      Authorization:
      - Basic c2tfZTlnZ2ZsT2JqUWVTaFVMaXVBQVhxSWtEVHR0dWs6
      Connection:
      - keep-alive
      Cookie:
      - session=eyJhbm9ueW1vdXNfaWQiOnsiIGIiOiJZekJsWmpreE1qWXROekU0TWkwME9UWmpMV0prWVdRdFpUSTBaVEpoTmpOa00ySmsifX0.EIgNUw.XWsTjzpXkUHe2iX8p75_CRdVLsY
      User-Agent:
      - python-requests/2.22.0
    method: GET
    uri: https://benchling.com/api/v2/registries/src_KE6uFvex/registered-entities:bulk-get?entityRegistryIds=adsklfherhg
  response:
    body:
      string: "{\n  \"error\": {\n    \"invalidIds\": [\n      \"adsklfherhg\"\n    ],\n
        \   \"message\": \"Invalid entityRegistryId: adsklfherhg\",\n    \"type\":
        \"invalid_request_error\",\n    \"userMessage\": \"Invalid entityRegistryId:
        adsklfherhg\"\n  }\n}"
    headers:
      Access-Control-Allow-Origin:
      - '*'
      Cache-Control:
      - private, no-cache, no-store
      Connection:
      - keep-alive
      Content-Length:
      - '219'
      Content-Type:
      - application/json
      Date:
      - Wed, 16 Oct 2019 02:09:23 GMT
      Expires:
      - Sat, 01 Jan 2000 00:00:00 GMT
      Pragma:
      - no-cache
      Server:
      - nginx
      Set-Cookie:
      - session=eyJhbm9ueW1vdXNfaWQiOnsiIGIiOiJZekJsWmpreE1qWXROekU0TWkwME9UWmpMV0prWVdRdFpUSTBaVEpoTmpOa00ySmsifX0.EIgNUw.XWsTjzpXkUHe2iX8p75_CRdVLsY;
        Secure; HttpOnly; Path=/
      Strict-Transport-Security:
      - max-age=63072000; includeSubdomains; preload
      X-Content-Type-Options:
      - nosniff
      X-Frame-Options:
      - DENY
    status:
      code: 400
      message: BAD REQUEST
- request:
    body: null
    headers:
      Accept:
      - '*/*'
      Accept-Encoding:
      - gzip, deflate
      Authorization:
      - Basic c2tfZTlnZ2ZsT2JqUWVTaFVMaXVBQVhxSWtEVHR0dWs6
      Connection:
      - keep-alive
      Cookie:
      - session=eyJhbm9ueW1vdXNfaWQiOnsiIGIiOiJZelUyWXpNMVpqVXROalUzT1MwME4yWTFMVGszTkdZdE1qazFaV00yTmpKbFpEWmkifX0.EIgTdA.91kr23D_hrSo489CY3f-l2rGRzg
      User-Agent:
      - python-requests/2.22.0
    method: GET
    uri: https://benchling.com/api/v2/registries
  response:
    body:
      string: "{\n  \"registries\": [\n    {\n      \"id\": \"src_KE6uFvex\",\n      \"name\":
        \"Registry\",\n      \"owner\": {\n        \"handle\": \"klavinslab\",\n        \"id\":
        \"ent_8avhPeKB\",\n        \"name\": \"Klavins Lab\"\n      }\n    }\n  ]\n}"
    headers:
      Access-Control-Allow-Origin:
      - '*'
      Cache-Control:
      - private, no-cache, no-store
      Connection:
      - keep-alive
      Content-Length:
      - '208'
      Content-Type:
      - application/json
      Date:
      - Wed, 16 Oct 2019 02:35:32 GMT
      Expires:
      - Sat, 01 Jan 2000 00:00:00 GMT
      Pragma:
      - no-cache
      Server:
      - nginx
      Set-Cookie:
      - session=eyJhbm9ueW1vdXNfaWQiOnsiIGIiOiJZelUyWXpNMVpqVXROalUzT1MwME4yWTFMVGszTkdZdE1qazFaV00yTmpKbFpEWmkifX0.EIgTdA.91kr23D_hrSo489CY3f-l2rGRzg;
        Secure; HttpOnly; Path=/
      Strict-Transport-Security:
      - max-age=63072000; includeSubdomains; preload
      X-Content-Type-Options:
      - nosniff
      X-Frame-Options:
      - DENY
    status:
      code: 200
      message: OK
- request:
    body: null
    headers:
      Accept:
      - '*/*'
      Accept-Encoding:
      - gzip, deflate
      Authorization:
      - Basic c2tfZTlnZ2ZsT2JqUWVTaFVMaXVBQVhxSWtEVHR0dWs6
      Connection:
      - keep-alive
      Cookie:
      - session=eyJhbm9ueW1vdXNfaWQiOnsiIGIiOiJZelUyWXpNMVpqVXROalUzT1MwME4yWTFMVGszTkdZdE1qazFaV00yTmpKbFpEWmkifX0.EIgTdA.91kr23D_hrSo489CY3f-l2rGRzg
      User-Agent:
      - python-requests/2.22.0
    method: GET
    uri: https://benchling.com/api/v2/registries
  response:
    body:
      string: "{\n  \"registries\": [\n    {\n      \"id\": \"src_KE6uFvex\",\n      \"name\":
        \"Registry\",\n      \"owner\": {\n        \"handle\": \"klavinslab\",\n        \"id\":
        \"ent_8avhPeKB\",\n        \"name\": \"Klavins Lab\"\n      }\n    }\n  ]\n}"
    headers:
      Access-Control-Allow-Origin:
      - '*'
      Cache-Control:
      - private, no-cache, no-store
      Connection:
      - keep-alive
      Content-Length:
      - '208'
      Content-Type:
      - application/json
      Date:
      - Wed, 16 Oct 2019 02:35:32 GMT
      Expires:
      - Sat, 01 Jan 2000 00:00:00 GMT
      Pragma:
      - no-cache
      Server:
      - nginx
      Set-Cookie:
      - session=eyJhbm9ueW1vdXNfaWQiOnsiIGIiOiJZelUyWXpNMVpqVXROalUzT1MwME4yWTFMVGszTkdZdE1qazFaV00yTmpKbFpEWmkifX0.EIgTdA.91kr23D_hrSo489CY3f-l2rGRzg;
        Secure; HttpOnly; Path=/
      Strict-Transport-Security:
      - max-age=63072000; includeSubdomains; preload
      X-Content-Type-Options:
      - nosniff
      X-Frame-Options:
      - DENY
    status:
      code: 200
      message: OK
- request:
    body: null
    headers:
      Accept:
      - '*/*'
      Accept-Encoding:
      - gzip, deflate
      Authorization:
      - Basic c2tfZTlnZ2ZsT2JqUWVTaFVMaXVBQVhxSWtEVHR0dWs6
      Connection:
      - keep-alive
      Cookie:
      - session=eyJhbm9ueW1vdXNfaWQiOnsiIGIiOiJZelUyWXpNMVpqVXROalUzT1MwME4yWTFMVGszTkdZdE1qazFaV00yTmpKbFpEWmkifX0.EIgTdA.91kr23D_hrSo489CY3f-l2rGRzg
      User-Agent:
      - python-requests/2.22.0
    method: GET
    uri: https://benchling.com/api/v2/registries/src_KE6uFvex/registered-entities:bulk-get?entityRegistryIds=adsklfherhg
  response:
    body:
      string: "{\n  \"error\": {\n    \"invalidIds\": [\n      \"adsklfherhg\"\n    ],\n
        \   \"message\": \"Invalid entityRegistryId: adsklfherhg\",\n    \"type\":
        \"invalid_request_error\",\n    \"userMessage\": \"Invalid entityRegistryId:
        adsklfherhg\"\n  }\n}"
    headers:
      Access-Control-Allow-Origin:
      - '*'
      Cache-Control:
      - private, no-cache, no-store
      Connection:
      - keep-alive
      Content-Length:
      - '219'
      Content-Type:
      - application/json
      Date:
      - Wed, 16 Oct 2019 02:35:33 GMT
      Expires:
      - Sat, 01 Jan 2000 00:00:00 GMT
      Pragma:
      - no-cache
      Server:
      - nginx
      Set-Cookie:
      - session=eyJhbm9ueW1vdXNfaWQiOnsiIGIiOiJZelUyWXpNMVpqVXROalUzT1MwME4yWTFMVGszTkdZdE1qazFaV00yTmpKbFpEWmkifX0.EIgTdQ.7JW1UTSmQenefpYOz6Mi1c37bpk;
        Secure; HttpOnly; Path=/
      Strict-Transport-Security:
      - max-age=63072000; includeSubdomains; preload
      X-Content-Type-Options:
      - nosniff
      X-Frame-Options:
      - DENY
    status:
      code: 400
      message: BAD REQUEST
- request:
    body: null
    headers:
      Accept:
      - '*/*'
      Accept-Encoding:
      - gzip, deflate
      Authorization:
      - Basic c2tfZTlnZ2ZsT2JqUWVTaFVMaXVBQVhxSWtEVHR0dWs6
      Connection:
      - keep-alive
      Cookie:
      - session=eyJhbm9ueW1vdXNfaWQiOnsiIGIiOiJaamxpTUdVeFlUWXROVGc0TXkwMFptWXpMV0l5TXpJdFpqVmtPREl3T1RRelltVmgifX0.EIgVlw.F2CordWudR1JkM8Yi0QbIb1GpIc
      User-Agent:
      - python-requests/2.22.0
    method: GET
    uri: https://benchling.com/api/v2/registries
  response:
    body:
      string: "{\n  \"registries\": [\n    {\n      \"id\": \"src_KE6uFvex\",\n      \"name\":
        \"Registry\",\n      \"owner\": {\n        \"handle\": \"klavinslab\",\n        \"id\":
        \"ent_8avhPeKB\",\n        \"name\": \"Klavins Lab\"\n      }\n    }\n  ]\n}"
    headers:
      Access-Control-Allow-Origin:
      - '*'
      Cache-Control:
      - private, no-cache, no-store
      Connection:
      - keep-alive
      Content-Length:
      - '208'
      Content-Type:
      - application/json
      Date:
      - Wed, 16 Oct 2019 02:44:40 GMT
      Expires:
      - Sat, 01 Jan 2000 00:00:00 GMT
      Pragma:
      - no-cache
      Server:
      - nginx
      Set-Cookie:
      - session=eyJhbm9ueW1vdXNfaWQiOnsiIGIiOiJaamxpTUdVeFlUWXROVGc0TXkwMFptWXpMV0l5TXpJdFpqVmtPREl3T1RRelltVmgifX0.EIgVmA.HgQWARIkS9kjAHou2bn2f8RRmd8;
        Secure; HttpOnly; Path=/
      Strict-Transport-Security:
      - max-age=63072000; includeSubdomains; preload
      X-Content-Type-Options:
      - nosniff
      X-Frame-Options:
      - DENY
    status:
      code: 200
      message: OK
- request:
    body: null
    headers:
      Accept:
      - '*/*'
      Accept-Encoding:
      - gzip, deflate
      Authorization:
      - Basic c2tfZTlnZ2ZsT2JqUWVTaFVMaXVBQVhxSWtEVHR0dWs6
      Connection:
      - keep-alive
      Cookie:
      - session=eyJhbm9ueW1vdXNfaWQiOnsiIGIiOiJaamxpTUdVeFlUWXROVGc0TXkwMFptWXpMV0l5TXpJdFpqVmtPREl3T1RRelltVmgifX0.EIgVmA.HgQWARIkS9kjAHou2bn2f8RRmd8
      User-Agent:
      - python-requests/2.22.0
    method: GET
    uri: https://benchling.com/api/v2/registries
  response:
    body:
      string: "{\n  \"registries\": [\n    {\n      \"id\": \"src_KE6uFvex\",\n      \"name\":
        \"Registry\",\n      \"owner\": {\n        \"handle\": \"klavinslab\",\n        \"id\":
        \"ent_8avhPeKB\",\n        \"name\": \"Klavins Lab\"\n      }\n    }\n  ]\n}"
    headers:
      Access-Control-Allow-Origin:
      - '*'
      Cache-Control:
      - private, no-cache, no-store
      Connection:
      - keep-alive
      Content-Length:
      - '208'
      Content-Type:
      - application/json
      Date:
      - Wed, 16 Oct 2019 02:44:40 GMT
      Expires:
      - Sat, 01 Jan 2000 00:00:00 GMT
      Pragma:
      - no-cache
      Server:
      - nginx
      Set-Cookie:
      - session=eyJhbm9ueW1vdXNfaWQiOnsiIGIiOiJaamxpTUdVeFlUWXROVGc0TXkwMFptWXpMV0l5TXpJdFpqVmtPREl3T1RRelltVmgifX0.EIgVmA.HgQWARIkS9kjAHou2bn2f8RRmd8;
        Secure; HttpOnly; Path=/
      Strict-Transport-Security:
      - max-age=63072000; includeSubdomains; preload
      X-Content-Type-Options:
      - nosniff
      X-Frame-Options:
      - DENY
    status:
      code: 200
      message: OK
- request:
    body: null
    headers:
      Accept:
      - '*/*'
      Accept-Encoding:
      - gzip, deflate
      Authorization:
      - Basic c2tfZTlnZ2ZsT2JqUWVTaFVMaXVBQVhxSWtEVHR0dWs6
      Connection:
      - keep-alive
      Cookie:
      - session=eyJhbm9ueW1vdXNfaWQiOnsiIGIiOiJaamxpTUdVeFlUWXROVGc0TXkwMFptWXpMV0l5TXpJdFpqVmtPREl3T1RRelltVmgifX0.EIgVmA.HgQWARIkS9kjAHou2bn2f8RRmd8
      User-Agent:
      - python-requests/2.22.0
    method: GET
    uri: https://benchling.com/api/v2/registries/src_KE6uFvex/registered-entities:bulk-get?entityRegistryIds=adsklfherhg
  response:
    body:
      string: "{\n  \"error\": {\n    \"invalidIds\": [\n      \"adsklfherhg\"\n    ],\n
        \   \"message\": \"Invalid entityRegistryId: adsklfherhg\",\n    \"type\":
        \"invalid_request_error\",\n    \"userMessage\": \"Invalid entityRegistryId:
        adsklfherhg\"\n  }\n}"
    headers:
      Access-Control-Allow-Origin:
      - '*'
      Cache-Control:
      - private, no-cache, no-store
      Connection:
      - keep-alive
      Content-Length:
      - '219'
      Content-Type:
      - application/json
      Date:
      - Wed, 16 Oct 2019 02:44:40 GMT
      Expires:
      - Sat, 01 Jan 2000 00:00:00 GMT
      Pragma:
      - no-cache
      Server:
      - nginx
      Set-Cookie:
      - session=eyJhbm9ueW1vdXNfaWQiOnsiIGIiOiJaamxpTUdVeFlUWXROVGc0TXkwMFptWXpMV0l5TXpJdFpqVmtPREl3T1RRelltVmgifX0.EIgVmA.HgQWARIkS9kjAHou2bn2f8RRmd8;
        Secure; HttpOnly; Path=/
      Strict-Transport-Security:
      - max-age=63072000; includeSubdomains; preload
      X-Content-Type-Options:
      - nosniff
      X-Frame-Options:
      - DENY
    status:
      code: 400
      message: BAD REQUEST
- request:
    body: null
    headers:
      Accept:
      - '*/*'
      Accept-Encoding:
      - gzip, deflate
      Authorization:
      - Basic c2tfZTlnZ2ZsT2JqUWVTaFVMaXVBQVhxSWtEVHR0dWs6
      Connection:
      - keep-alive
      Cookie:
      - session=eyJhbm9ueW1vdXNfaWQiOnsiIGIiOiJOMk5pWW1GaE1tVXRaR1V4TUMwME9EWTRMV0l4TVdZdE1qVm1ZV1l6WkRBM01qYzMifX0.EIggRQ.vznp8AchegTHXwgj8UyMB76gGQ0
      User-Agent:
      - python-requests/2.22.0
    method: GET
    uri: https://benchling.com/api/v2/registries
  response:
    body:
      string: "{\n  \"registries\": [\n    {\n      \"id\": \"src_KE6uFvex\",\n      \"name\":
        \"Registry\",\n      \"owner\": {\n        \"handle\": \"klavinslab\",\n        \"id\":
        \"ent_8avhPeKB\",\n        \"name\": \"Klavins Lab\"\n      }\n    }\n  ]\n}"
    headers:
      Access-Control-Allow-Origin:
      - '*'
      Cache-Control:
      - private, no-cache, no-store
      Connection:
      - keep-alive
      Content-Length:
      - '208'
      Content-Type:
      - application/json
      Date:
      - Wed, 16 Oct 2019 03:30:14 GMT
      Expires:
      - Sat, 01 Jan 2000 00:00:00 GMT
      Pragma:
      - no-cache
      Server:
      - nginx
      Set-Cookie:
      - session=eyJhbm9ueW1vdXNfaWQiOnsiIGIiOiJOMk5pWW1GaE1tVXRaR1V4TUMwME9EWTRMV0l4TVdZdE1qVm1ZV1l6WkRBM01qYzMifX0.EIggRg.AJK05yXE5lySYAW9v0tyC6q0u84;
        Secure; HttpOnly; Path=/
      Strict-Transport-Security:
      - max-age=63072000; includeSubdomains; preload
      X-Content-Type-Options:
      - nosniff
      X-Frame-Options:
      - DENY
    status:
      code: 200
      message: OK
- request:
    body: null
    headers:
      Accept:
      - '*/*'
      Accept-Encoding:
      - gzip, deflate
      Authorization:
      - Basic c2tfZTlnZ2ZsT2JqUWVTaFVMaXVBQVhxSWtEVHR0dWs6
      Connection:
      - keep-alive
      Cookie:
      - session=eyJhbm9ueW1vdXNfaWQiOnsiIGIiOiJOMk5pWW1GaE1tVXRaR1V4TUMwME9EWTRMV0l4TVdZdE1qVm1ZV1l6WkRBM01qYzMifX0.EIggRg.AJK05yXE5lySYAW9v0tyC6q0u84
      User-Agent:
      - python-requests/2.22.0
    method: GET
    uri: https://benchling.com/api/v2/registries
  response:
    body:
      string: "{\n  \"registries\": [\n    {\n      \"id\": \"src_KE6uFvex\",\n      \"name\":
        \"Registry\",\n      \"owner\": {\n        \"handle\": \"klavinslab\",\n        \"id\":
        \"ent_8avhPeKB\",\n        \"name\": \"Klavins Lab\"\n      }\n    }\n  ]\n}"
    headers:
      Access-Control-Allow-Origin:
      - '*'
      Cache-Control:
      - private, no-cache, no-store
      Connection:
      - keep-alive
      Content-Length:
      - '208'
      Content-Type:
      - application/json
      Date:
      - Wed, 16 Oct 2019 03:30:14 GMT
      Expires:
      - Sat, 01 Jan 2000 00:00:00 GMT
      Pragma:
      - no-cache
      Server:
      - nginx
      Set-Cookie:
      - session=eyJhbm9ueW1vdXNfaWQiOnsiIGIiOiJOMk5pWW1GaE1tVXRaR1V4TUMwME9EWTRMV0l4TVdZdE1qVm1ZV1l6WkRBM01qYzMifX0.EIggRg.AJK05yXE5lySYAW9v0tyC6q0u84;
        Secure; HttpOnly; Path=/
      Strict-Transport-Security:
      - max-age=63072000; includeSubdomains; preload
      X-Content-Type-Options:
      - nosniff
      X-Frame-Options:
      - DENY
    status:
      code: 200
      message: OK
- request:
    body: null
    headers:
      Accept:
      - '*/*'
      Accept-Encoding:
      - gzip, deflate
      Authorization:
      - Basic c2tfZTlnZ2ZsT2JqUWVTaFVMaXVBQVhxSWtEVHR0dWs6
      Connection:
      - keep-alive
      Cookie:
      - session=eyJhbm9ueW1vdXNfaWQiOnsiIGIiOiJOMk5pWW1GaE1tVXRaR1V4TUMwME9EWTRMV0l4TVdZdE1qVm1ZV1l6WkRBM01qYzMifX0.EIggRg.AJK05yXE5lySYAW9v0tyC6q0u84
      User-Agent:
      - python-requests/2.22.0
    method: GET
    uri: https://benchling.com/api/v2/registries/src_KE6uFvex/registered-entities:bulk-get?entityRegistryIds=adsklfherhg
  response:
    body:
      string: "{\n  \"error\": {\n    \"invalidIds\": [\n      \"adsklfherhg\"\n    ],\n
        \   \"message\": \"Invalid entityRegistryId: adsklfherhg\",\n    \"type\":
        \"invalid_request_error\",\n    \"userMessage\": \"Invalid entityRegistryId:
        adsklfherhg\"\n  }\n}"
    headers:
      Access-Control-Allow-Origin:
      - '*'
      Cache-Control:
      - private, no-cache, no-store
      Connection:
      - keep-alive
      Content-Length:
      - '219'
      Content-Type:
      - application/json
      Date:
      - Wed, 16 Oct 2019 03:30:14 GMT
      Expires:
      - Sat, 01 Jan 2000 00:00:00 GMT
      Pragma:
      - no-cache
      Server:
      - nginx
      Set-Cookie:
      - session=eyJhbm9ueW1vdXNfaWQiOnsiIGIiOiJOMk5pWW1GaE1tVXRaR1V4TUMwME9EWTRMV0l4TVdZdE1qVm1ZV1l6WkRBM01qYzMifX0.EIggRg.AJK05yXE5lySYAW9v0tyC6q0u84;
        Secure; HttpOnly; Path=/
      Strict-Transport-Security:
      - max-age=63072000; includeSubdomains; preload
      X-Content-Type-Options:
      - nosniff
      X-Frame-Options:
      - DENY
    status:
      code: 400
      message: BAD REQUEST
- request:
    body: null
    headers:
      Accept:
      - '*/*'
      Accept-Encoding:
      - gzip, deflate
      Authorization:
      - Basic c2tfZTlnZ2ZsT2JqUWVTaFVMaXVBQVhxSWtEVHR0dWs6
      Connection:
      - keep-alive
      Cookie:
      - session=eyJhbm9ueW1vdXNfaWQiOnsiIGIiOiJZekZqT1RGbVpXWXRaV00xTlMwMFlqSXpMV0k1TWpNdFptTTRPR0k0TWprMll6UTAifX0.EIgjKA.PLyDaGv_UJl2sbydMuhy9gAOr5o
      User-Agent:
      - python-requests/2.22.0
    method: GET
    uri: https://benchling.com/api/v2/registries
  response:
    body:
      string: "{\n  \"registries\": [\n    {\n      \"id\": \"src_KE6uFvex\",\n      \"name\":
        \"Registry\",\n      \"owner\": {\n        \"handle\": \"klavinslab\",\n        \"id\":
        \"ent_8avhPeKB\",\n        \"name\": \"Klavins Lab\"\n      }\n    }\n  ]\n}"
    headers:
      Access-Control-Allow-Origin:
      - '*'
      Cache-Control:
      - private, no-cache, no-store
      Connection:
      - keep-alive
      Content-Length:
      - '208'
      Content-Type:
      - application/json
      Date:
      - Wed, 16 Oct 2019 03:42:32 GMT
      Expires:
      - Sat, 01 Jan 2000 00:00:00 GMT
      Pragma:
      - no-cache
      Server:
      - nginx
      Set-Cookie:
      - session=eyJhbm9ueW1vdXNfaWQiOnsiIGIiOiJZekZqT1RGbVpXWXRaV00xTlMwMFlqSXpMV0k1TWpNdFptTTRPR0k0TWprMll6UTAifX0.EIgjKA.PLyDaGv_UJl2sbydMuhy9gAOr5o;
        Secure; HttpOnly; Path=/
      Strict-Transport-Security:
      - max-age=63072000; includeSubdomains; preload
      X-Content-Type-Options:
      - nosniff
      X-Frame-Options:
      - DENY
    status:
      code: 200
      message: OK
- request:
    body: null
    headers:
      Accept:
      - '*/*'
      Accept-Encoding:
      - gzip, deflate
      Authorization:
      - Basic c2tfZTlnZ2ZsT2JqUWVTaFVMaXVBQVhxSWtEVHR0dWs6
      Connection:
      - keep-alive
      Cookie:
      - session=eyJhbm9ueW1vdXNfaWQiOnsiIGIiOiJZekZqT1RGbVpXWXRaV00xTlMwMFlqSXpMV0k1TWpNdFptTTRPR0k0TWprMll6UTAifX0.EIgjKA.PLyDaGv_UJl2sbydMuhy9gAOr5o
      User-Agent:
      - python-requests/2.22.0
    method: GET
    uri: https://benchling.com/api/v2/registries
  response:
    body:
      string: "{\n  \"registries\": [\n    {\n      \"id\": \"src_KE6uFvex\",\n      \"name\":
        \"Registry\",\n      \"owner\": {\n        \"handle\": \"klavinslab\",\n        \"id\":
        \"ent_8avhPeKB\",\n        \"name\": \"Klavins Lab\"\n      }\n    }\n  ]\n}"
    headers:
      Access-Control-Allow-Origin:
      - '*'
      Cache-Control:
      - private, no-cache, no-store
      Connection:
      - keep-alive
      Content-Length:
      - '208'
      Content-Type:
      - application/json
      Date:
      - Wed, 16 Oct 2019 03:42:32 GMT
      Expires:
      - Sat, 01 Jan 2000 00:00:00 GMT
      Pragma:
      - no-cache
      Server:
      - nginx
      Set-Cookie:
      - session=eyJhbm9ueW1vdXNfaWQiOnsiIGIiOiJZekZqT1RGbVpXWXRaV00xTlMwMFlqSXpMV0k1TWpNdFptTTRPR0k0TWprMll6UTAifX0.EIgjKA.PLyDaGv_UJl2sbydMuhy9gAOr5o;
        Secure; HttpOnly; Path=/
      Strict-Transport-Security:
      - max-age=63072000; includeSubdomains; preload
      X-Content-Type-Options:
      - nosniff
      X-Frame-Options:
      - DENY
    status:
      code: 200
      message: OK
- request:
    body: null
    headers:
      Accept:
      - '*/*'
      Accept-Encoding:
      - gzip, deflate
      Authorization:
      - Basic c2tfZTlnZ2ZsT2JqUWVTaFVMaXVBQVhxSWtEVHR0dWs6
      Connection:
      - keep-alive
      Cookie:
      - session=eyJhbm9ueW1vdXNfaWQiOnsiIGIiOiJZekZqT1RGbVpXWXRaV00xTlMwMFlqSXpMV0k1TWpNdFptTTRPR0k0TWprMll6UTAifX0.EIgjKA.PLyDaGv_UJl2sbydMuhy9gAOr5o
      User-Agent:
      - python-requests/2.22.0
    method: GET
    uri: https://benchling.com/api/v2/registries/src_KE6uFvex/registered-entities:bulk-get?entityRegistryIds=adsklfherhg
  response:
    body:
      string: "{\n  \"error\": {\n    \"invalidIds\": [\n      \"adsklfherhg\"\n    ],\n
        \   \"message\": \"Invalid entityRegistryId: adsklfherhg\",\n    \"type\":
        \"invalid_request_error\",\n    \"userMessage\": \"Invalid entityRegistryId:
        adsklfherhg\"\n  }\n}"
    headers:
      Access-Control-Allow-Origin:
      - '*'
      Cache-Control:
      - private, no-cache, no-store
      Connection:
      - keep-alive
      Content-Length:
      - '219'
      Content-Type:
      - application/json
      Date:
      - Wed, 16 Oct 2019 03:42:33 GMT
      Expires:
      - Sat, 01 Jan 2000 00:00:00 GMT
      Pragma:
      - no-cache
      Server:
      - nginx
      Set-Cookie:
      - session=eyJhbm9ueW1vdXNfaWQiOnsiIGIiOiJZekZqT1RGbVpXWXRaV00xTlMwMFlqSXpMV0k1TWpNdFptTTRPR0k0TWprMll6UTAifX0.EIgjKQ.UCQu15oYCWQ452-IFiPuxJAI5ms;
        Secure; HttpOnly; Path=/
      Strict-Transport-Security:
      - max-age=63072000; includeSubdomains; preload
      X-Content-Type-Options:
      - nosniff
      X-Frame-Options:
      - DENY
      X-Sentry-ID:
      - 6e7e627a7a76412caaf3d0c2714ba226
    status:
      code: 400
      message: BAD REQUEST
version: 1
