interactions:
- request:
    body: null
    headers:
      Accept:
      - '*/*'
      Accept-Encoding:
      - gzip, deflate
      Authorization:
      - Basic c2tfZTlnZ2ZsT2JqUWVTaFVMaXVBQVhxSWtEVHR0dWs6
      Connection:
      - keep-alive
      Cookie:
      - session=eyJhbm9ueW1vdXNfaWQiOnsiIGIiOiJPREUzWlRWbU9EZ3RORFJqWkMwME4yRTFMVGs1WVRRdE9ETTJabVJpWVRVM01EQTEifX0.EIpWpA.knhUcvarioLfIafWmbPxcZxPJOs
      User-Agent:
      - python-requests/2.22.0
    method: GET
    uri: https://benchling.com/api/v2/entities/seq_WWBHXMGe/batches
  response:
    body:
      string: "{\n  \"batches\": []\n}"
    headers:
      Access-Control-Allow-Origin:
      - '*'
      Cache-Control:
      - private, no-cache, no-store
      Connection:
      - keep-alive
      Content-Length:
      - '19'
      Content-Type:
      - application/json
      Date:
      - Thu, 17 Oct 2019 19:46:44 GMT
      Expires:
      - Sat, 01 Jan 2000 00:00:00 GMT
      Pragma:
      - no-cache
      Server:
      - nginx
      Set-Cookie:
      - session=eyJhbm9ueW1vdXNfaWQiOnsiIGIiOiJPREUzWlRWbU9EZ3RORFJqWkMwME4yRTFMVGs1WVRRdE9ETTJabVJpWVRVM01EQTEifX0.EIpWpA.knhUcvarioLfIafWmbPxcZxPJOs;
        Secure; HttpOnly; Path=/
      Strict-Transport-Security:
      - max-age=63072000; includeSubdomains; preload
      X-Content-Type-Options:
      - nosniff
      X-Frame-Options:
      - DENY
    status:
      code: 200
      message: OK
- request:
    body: null
    headers:
      Accept:
      - '*/*'
      Accept-Encoding:
      - gzip, deflate
      Authorization:
      - Basic c2tfZTlnZ2ZsT2JqUWVTaFVMaXVBQVhxSWtEVHR0dWs6
      Connection:
      - keep-alive
      Cookie:
      - session=eyJhbm9ueW1vdXNfaWQiOnsiIGIiOiJaR1E0WkdNM1ltVXROMkZtWlMwME16VmtMVGcyTkdJdFl6azVZVGM1TW1NNFpUVTUifX0.EIpbww.42wv8pmCgZrc55mVaT73aAO9tsw
      User-Agent:
      - python-requests/2.22.0
    method: GET
    uri: https://benchling.com/api/v2/entities/seq_dnG336Sk/batches
  response:
    body:
      string: "{\n  \"batches\": []\n}"
    headers:
      Access-Control-Allow-Origin:
      - '*'
      Cache-Control:
      - private, no-cache, no-store
      Connection:
      - keep-alive
      Content-Length:
      - '19'
      Content-Type:
      - application/json
      Date:
      - Thu, 17 Oct 2019 20:08:36 GMT
      Expires:
      - Sat, 01 Jan 2000 00:00:00 GMT
      Pragma:
      - no-cache
      Server:
      - nginx
      Set-Cookie:
      - session=eyJhbm9ueW1vdXNfaWQiOnsiIGIiOiJaR1E0WkdNM1ltVXROMkZtWlMwME16VmtMVGcyTkdJdFl6azVZVGM1TW1NNFpUVTUifX0.EIpbxA.WtfefWCNjCf0LKFjpbhXuCK2SV8;
        Secure; HttpOnly; Path=/
      Strict-Transport-Security:
      - max-age=63072000; includeSubdomains; preload
      X-Content-Type-Options:
      - nosniff
      X-Frame-Options:
      - DENY
    status:
      code: 200
      message: OK
- request:
    body: null
    headers:
      Accept:
      - '*/*'
      Accept-Encoding:
      - gzip, deflate
      Authorization:
      - Basic c2tfZTlnZ2ZsT2JqUWVTaFVMaXVBQVhxSWtEVHR0dWs6
      Connection:
      - keep-alive
      Cookie:
      - session=eyJhbm9ueW1vdXNfaWQiOnsiIGIiOiJZemRqTlRkaE5XVXRObUkyTnkwME9HRTBMVGcyWkdZdE1UQTFaakEwTWpNeFltUmwifX0.EIqs-A.UJ16kIzFwSeyccm3aI9Kq4O7kyw
      User-Agent:
      - python-requests/2.22.0
    method: GET
    uri: https://benchling.com/api/v2/entities/seq_ktINfcej/batches
  response:
    body:
      string: "{\n  \"batches\": []\n}"
    headers:
      Access-Control-Allow-Origin:
      - '*'
      Cache-Control:
      - private, no-cache, no-store
      Connection:
      - keep-alive
      Content-Length:
      - '19'
      Content-Type:
      - application/json
      Date:
      - Fri, 18 Oct 2019 01:55:05 GMT
      Expires:
      - Sat, 01 Jan 2000 00:00:00 GMT
      Pragma:
      - no-cache
      Server:
      - nginx
      Set-Cookie:
      - session=eyJhbm9ueW1vdXNfaWQiOnsiIGIiOiJZemRqTlRkaE5XVXRObUkyTnkwME9HRTBMVGcyWkdZdE1UQTFaakEwTWpNeFltUmwifX0.EIqs-Q.YGzqD8C5hXjIueFSZV99B03BvTk;
        Secure; HttpOnly; Path=/
      Strict-Transport-Security:
      - max-age=63072000; includeSubdomains; preload
      X-Content-Type-Options:
      - nosniff
      X-Frame-Options:
      - DENY
    status:
      code: 200
      message: OK
- request:
    body: null
    headers:
      Accept:
      - '*/*'
      Accept-Encoding:
      - gzip, deflate
      Authorization:
      - Basic c2tfZTlnZ2ZsT2JqUWVTaFVMaXVBQVhxSWtEVHR0dWs6
      Connection:
      - keep-alive
      Cookie:
      - session=eyJhbm9ueW1vdXNfaWQiOnsiIGIiOiJOelF6WlRCaE56TXRPVFZpTWkwMFpEVmxMVGszWldZdFlUZzVaVFJsWkRVME9ETTEifX0.EIqt6w.dMbIOP37yu-pu2qQVF81yYW0x48
      User-Agent:
      - python-requests/2.22.0
    method: GET
    uri: https://benchling.com/api/v2/entities/seq_ktINfcej/batches
  response:
    body:
      string: "{\n  \"batches\": []\n}"
    headers:
      Access-Control-Allow-Origin:
      - '*'
      Cache-Control:
      - private, no-cache, no-store
      Connection:
      - keep-alive
      Content-Length:
      - '19'
      Content-Type:
      - application/json
      Date:
      - Fri, 18 Oct 2019 01:59:07 GMT
      Expires:
      - Sat, 01 Jan 2000 00:00:00 GMT
      Pragma:
      - no-cache
      Server:
      - nginx
      Set-Cookie:
      - session=eyJhbm9ueW1vdXNfaWQiOnsiIGIiOiJOelF6WlRCaE56TXRPVFZpTWkwMFpEVmxMVGszWldZdFlUZzVaVFJsWkRVME9ETTEifX0.EIqt6w.dMbIOP37yu-pu2qQVF81yYW0x48;
        Secure; HttpOnly; Path=/
      Strict-Transport-Security:
      - max-age=63072000; includeSubdomains; preload
      X-Content-Type-Options:
      - nosniff
      X-Frame-Options:
      - DENY
    status:
      code: 200
      message: OK
- request:
    body: null
    headers:
      Accept:
      - '*/*'
      Accept-Encoding:
      - gzip, deflate
      Authorization:
      - Basic c2tfZTlnZ2ZsT2JqUWVTaFVMaXVBQVhxSWtEVHR0dWs6
      Connection:
      - keep-alive
      Cookie:
      - session=eyJhbm9ueW1vdXNfaWQiOnsiIGIiOiJZall4TjJGak5USXRZemxsWmkwMFlUSmpMV0l5Wm1RdE9ETmxNek14WVdKa056STQifX0.EIqz7w.cr9gbJe2TJbuV6MyvusNs8J5mw0
      User-Agent:
      - python-requests/2.22.0
    method: GET
    uri: https://benchling.com/api/v2/entities/seq_ktINfcej/batches
  response:
    body:
      string: "{\n  \"batches\": []\n}"
    headers:
      Access-Control-Allow-Origin:
      - '*'
      Cache-Control:
      - private, no-cache, no-store
      Connection:
      - keep-alive
      Content-Length:
      - '19'
      Content-Type:
      - application/json
      Date:
      - Fri, 18 Oct 2019 02:24:47 GMT
      Expires:
      - Sat, 01 Jan 2000 00:00:00 GMT
      Pragma:
      - no-cache
      Server:
      - nginx
      Set-Cookie:
      - session=eyJhbm9ueW1vdXNfaWQiOnsiIGIiOiJZall4TjJGak5USXRZemxsWmkwMFlUSmpMV0l5Wm1RdE9ETmxNek14WVdKa056STQifX0.EIqz7w.cr9gbJe2TJbuV6MyvusNs8J5mw0;
        Secure; HttpOnly; Path=/
      Strict-Transport-Security:
      - max-age=63072000; includeSubdomains; preload
      X-Content-Type-Options:
      - nosniff
      X-Frame-Options:
      - DENY
    status:
      code: 200
      message: OK
- request:
    body: null
    headers:
      Accept:
      - '*/*'
      Accept-Encoding:
      - gzip, deflate
      Authorization:
      - Basic c2tfZTlnZ2ZsT2JqUWVTaFVMaXVBQVhxSWtEVHR0dWs6
      Connection:
      - keep-alive
      Cookie:
      - session=eyJhbm9ueW1vdXNfaWQiOnsiIGIiOiJOelZtT0RjMVpHSXROR001WVMwMFpHWXpMVGcxTW1ZdE5HTXlPR1JrTTJJMFpHTTEifX0.EIq1jA.ZRPQsUHAupBAHE7VkhIcmPjbnt8
      User-Agent:
      - python-requests/2.22.0
    method: GET
    uri: https://benchling.com/api/v2/entities/seq_ktINfcej/batches
  response:
    body:
      string: "{\n  \"batches\": []\n}"
    headers:
      Access-Control-Allow-Origin:
      - '*'
      Cache-Control:
      - private, no-cache, no-store
      Connection:
      - keep-alive
      Content-Length:
      - '19'
      Content-Type:
      - application/json
      Date:
      - Fri, 18 Oct 2019 02:31:41 GMT
      Expires:
      - Sat, 01 Jan 2000 00:00:00 GMT
      Pragma:
      - no-cache
      Server:
      - nginx
      Set-Cookie:
      - session=eyJhbm9ueW1vdXNfaWQiOnsiIGIiOiJOelZtT0RjMVpHSXROR001WVMwMFpHWXpMVGcxTW1ZdE5HTXlPR1JrTTJJMFpHTTEifX0.EIq1jQ.t2fFc_jNPFmgbfex9WnCEfbkvc0;
        Secure; HttpOnly; Path=/
      Strict-Transport-Security:
      - max-age=63072000; includeSubdomains; preload
      X-Content-Type-Options:
      - nosniff
      X-Frame-Options:
      - DENY
    status:
      code: 200
      message: OK
- request:
    body: null
    headers:
      Accept:
      - '*/*'
      Accept-Encoding:
      - gzip, deflate
      Authorization:
      - Basic c2tfZTlnZ2ZsT2JqUWVTaFVMaXVBQVhxSWtEVHR0dWs6
      Connection:
      - keep-alive
      Cookie:
      - session=eyJhbm9ueW1vdXNfaWQiOnsiIGIiOiJaRGhtWXpRd056Y3ROemd6WXkwME5tSXlMV0U1TkRVdFpqZ3dOVFJsTnpGa1lqUmgifX0.EIu0tw.kbb3xNiEGn2OUK1cl3ZEZg6lKy4
      User-Agent:
      - python-requests/2.22.0
    method: GET
    uri: https://benchling.com/api/v2/entities/seq_K7nBm7Tj/batches
  response:
    body:
      string: "{\n  \"batches\": []\n}"
    headers:
      Access-Control-Allow-Origin:
      - '*'
      Cache-Control:
      - private, no-cache, no-store
      Connection:
      - keep-alive
      Content-Length:
      - '19'
      Content-Type:
      - application/json
      Date:
      - Fri, 18 Oct 2019 20:40:23 GMT
      Expires:
      - Sat, 01 Jan 2000 00:00:00 GMT
      Pragma:
      - no-cache
      Server:
      - nginx
      Set-Cookie:
      - session=eyJhbm9ueW1vdXNfaWQiOnsiIGIiOiJaRGhtWXpRd056Y3ROemd6WXkwME5tSXlMV0U1TkRVdFpqZ3dOVFJsTnpGa1lqUmgifX0.EIu0tw.kbb3xNiEGn2OUK1cl3ZEZg6lKy4;
        Secure; HttpOnly; Path=/
      Strict-Transport-Security:
      - max-age=63072000; includeSubdomains; preload
      X-Content-Type-Options:
      - nosniff
      X-Frame-Options:
      - DENY
    status:
      code: 200
      message: OK
version: 1
