interactions:
- request:
    body: null
    headers:
      Accept:
      - '*/*'
      Accept-Encoding:
      - gzip, deflate
      Authorization:
      - Basic c2tfZTlnZ2ZsT2JqUWVTaFVMaXVBQVhxSWtEVHR0dWs6
      Connection:
      - keep-alive
      Cookie:
      - session=eyJhbm9ueW1vdXNfaWQiOnsiIGIiOiJPREUzWlRWbU9EZ3RORFJqWkMwME4yRTFMVGs1WVRRdE9ETTJabVJpWVRVM01EQTEifX0.EIpW8g.o_TrY9RAlbimvEl9hVhVYxxFbmk
      User-Agent:
      - python-requests/2.22.0
    method: GET
    uri: https://benchling.com/api/v2/registries
  response:
    body:
      string: "{\n  \"registries\": [\n    {\n      \"id\": \"src_KE6uFvex\",\n      \"name\":
        \"Registry\",\n      \"owner\": {\n        \"handle\": \"klavinslab\",\n        \"id\":
        \"ent_8avhPeKB\",\n        \"name\": \"Klavins Lab\"\n      }\n    }\n  ]\n}"
    headers:
      Access-Control-Allow-Origin:
      - '*'
      Cache-Control:
      - private, no-cache, no-store
      Connection:
      - keep-alive
      Content-Length:
      - '208'
      Content-Type:
      - application/json
      Date:
      - Thu, 17 Oct 2019 19:48:03 GMT
      Expires:
      - Sat, 01 Jan 2000 00:00:00 GMT
      Pragma:
      - no-cache
      Server:
      - nginx
      Set-Cookie:
      - session=eyJhbm9ueW1vdXNfaWQiOnsiIGIiOiJPREUzWlRWbU9EZ3RORFJqWkMwME4yRTFMVGs1WVRRdE9ETTJabVJpWVRVM01EQTEifX0.EIpW8w.0lTrhqmKjrtW5O5WnwoNC8Yl4mo;
        Secure; HttpOnly; Path=/
      Strict-Transport-Security:
      - max-age=63072000; includeSubdomains; preload
      X-Content-Type-Options:
      - nosniff
      X-Frame-Options:
      - DENY
    status:
      code: 200
      message: OK
- request:
    body: null
    headers:
      Accept:
      - '*/*'
      Accept-Encoding:
      - gzip, deflate
      Authorization:
      - Basic c2tfZTlnZ2ZsT2JqUWVTaFVMaXVBQVhxSWtEVHR0dWs6
      Connection:
      - keep-alive
      Cookie:
      - session=eyJhbm9ueW1vdXNfaWQiOnsiIGIiOiJPREUzWlRWbU9EZ3RORFJqWkMwME4yRTFMVGs1WVRRdE9ETTJabVJpWVRVM01EQTEifX0.EIpW8w.0lTrhqmKjrtW5O5WnwoNC8Yl4mo
      User-Agent:
      - python-requests/2.22.0
    method: GET
    uri: https://benchling.com/api/v2/registries
  response:
    body:
      string: "{\n  \"registries\": [\n    {\n      \"id\": \"src_KE6uFvex\",\n      \"name\":
        \"Registry\",\n      \"owner\": {\n        \"handle\": \"klavinslab\",\n        \"id\":
        \"ent_8avhPeKB\",\n        \"name\": \"Klavins Lab\"\n      }\n    }\n  ]\n}"
    headers:
      Access-Control-Allow-Origin:
      - '*'
      Cache-Control:
      - private, no-cache, no-store
      Connection:
      - keep-alive
      Content-Length:
      - '208'
      Content-Type:
      - application/json
      Date:
      - Thu, 17 Oct 2019 19:48:03 GMT
      Expires:
      - Sat, 01 Jan 2000 00:00:00 GMT
      Pragma:
      - no-cache
      Server:
      - nginx
      Set-Cookie:
      - session=eyJhbm9ueW1vdXNfaWQiOnsiIGIiOiJPREUzWlRWbU9EZ3RORFJqWkMwME4yRTFMVGs1WVRRdE9ETTJabVJpWVRVM01EQTEifX0.EIpW8w.0lTrhqmKjrtW5O5WnwoNC8Yl4mo;
        Secure; HttpOnly; Path=/
      Strict-Transport-Security:
      - max-age=63072000; includeSubdomains; preload
      X-Content-Type-Options:
      - nosniff
      X-Frame-Options:
      - DENY
    status:
      code: 200
      message: OK
- request:
    body: null
    headers:
      Accept:
      - '*/*'
      Accept-Encoding:
      - gzip, deflate
      Authorization:
      - Basic c2tfZTlnZ2ZsT2JqUWVTaFVMaXVBQVhxSWtEVHR0dWs6
      Connection:
      - keep-alive
      Cookie:
      - session=eyJhbm9ueW1vdXNfaWQiOnsiIGIiOiJPREUzWlRWbU9EZ3RORFJqWkMwME4yRTFMVGs1WVRRdE9ETTJabVJpWVRVM01EQTEifX0.EIpW8w.0lTrhqmKjrtW5O5WnwoNC8Yl4mo
      User-Agent:
      - python-requests/2.22.0
    method: GET
    uri: https://benchling.com/api/v2/registries/src_KE6uFvex/registered-entities:bulk-get?entityRegistryIds=adsklfherhg
  response:
    body:
      string: "{\n  \"error\": {\n    \"invalidIds\": [\n      \"adsklfherhg\"\n    ],\n
        \   \"message\": \"Invalid entityRegistryId: adsklfherhg\",\n    \"type\":
        \"invalid_request_error\",\n    \"userMessage\": \"Invalid entityRegistryId:
        adsklfherhg\"\n  }\n}"
    headers:
      Access-Control-Allow-Origin:
      - '*'
      Cache-Control:
      - private, no-cache, no-store
      Connection:
      - keep-alive
      Content-Length:
      - '219'
      Content-Type:
      - application/json
      Date:
      - Thu, 17 Oct 2019 19:48:03 GMT
      Expires:
      - Sat, 01 Jan 2000 00:00:00 GMT
      Pragma:
      - no-cache
      Server:
      - nginx
      Set-Cookie:
      - session=eyJhbm9ueW1vdXNfaWQiOnsiIGIiOiJPREUzWlRWbU9EZ3RORFJqWkMwME4yRTFMVGs1WVRRdE9ETTJabVJpWVRVM01EQTEifX0.EIpW8w.0lTrhqmKjrtW5O5WnwoNC8Yl4mo;
        Secure; HttpOnly; Path=/
      Strict-Transport-Security:
      - max-age=63072000; includeSubdomains; preload
      X-Content-Type-Options:
      - nosniff
      X-Frame-Options:
      - DENY
    status:
      code: 400
      message: BAD REQUEST
- request:
    body: null
    headers:
      Accept:
      - '*/*'
      Accept-Encoding:
      - gzip, deflate
      Authorization:
      - Basic c2tfZTlnZ2ZsT2JqUWVTaFVMaXVBQVhxSWtEVHR0dWs6
      Connection:
      - keep-alive
      Cookie:
      - session=eyJhbm9ueW1vdXNfaWQiOnsiIGIiOiJaR1E0WkdNM1ltVXROMkZtWlMwME16VmtMVGcyTkdJdFl6azVZVGM1TW1NNFpUVTUifX0.EIpcDQ.ZyIWUHloFq-Z9xH_yMVzWWfm4ro
      User-Agent:
      - python-requests/2.22.0
    method: GET
    uri: https://benchling.com/api/v2/registries
  response:
    body:
      string: "{\n  \"registries\": [\n    {\n      \"id\": \"src_KE6uFvex\",\n      \"name\":
        \"Registry\",\n      \"owner\": {\n        \"handle\": \"klavinslab\",\n        \"id\":
        \"ent_8avhPeKB\",\n        \"name\": \"Klavins Lab\"\n      }\n    }\n  ]\n}"
    headers:
      Access-Control-Allow-Origin:
      - '*'
      Cache-Control:
      - private, no-cache, no-store
      Connection:
      - keep-alive
      Content-Length:
      - '208'
      Content-Type:
      - application/json
      Date:
      - Thu, 17 Oct 2019 20:09:50 GMT
      Expires:
      - Sat, 01 Jan 2000 00:00:00 GMT
      Pragma:
      - no-cache
      Server:
      - nginx
      Set-Cookie:
      - session=eyJhbm9ueW1vdXNfaWQiOnsiIGIiOiJaR1E0WkdNM1ltVXROMkZtWlMwME16VmtMVGcyTkdJdFl6azVZVGM1TW1NNFpUVTUifX0.EIpcDg.uPFQlMMPBfFO58J-xCGeb1Q2F9g;
        Secure; HttpOnly; Path=/
      Strict-Transport-Security:
      - max-age=63072000; includeSubdomains; preload
      X-Content-Type-Options:
      - nosniff
      X-Frame-Options:
      - DENY
      X-Sentry-ID:
      - e5f027e5f58647d8ac5e2fc598e5b108
    status:
      code: 200
      message: OK
- request:
    body: null
    headers:
      Accept:
      - '*/*'
      Accept-Encoding:
      - gzip, deflate
      Authorization:
      - Basic c2tfZTlnZ2ZsT2JqUWVTaFVMaXVBQVhxSWtEVHR0dWs6
      Connection:
      - keep-alive
      Cookie:
      - session=eyJhbm9ueW1vdXNfaWQiOnsiIGIiOiJaR1E0WkdNM1ltVXROMkZtWlMwME16VmtMVGcyTkdJdFl6azVZVGM1TW1NNFpUVTUifX0.EIpcDg.uPFQlMMPBfFO58J-xCGeb1Q2F9g
      User-Agent:
      - python-requests/2.22.0
    method: GET
    uri: https://benchling.com/api/v2/registries
  response:
    body:
      string: "{\n  \"registries\": [\n    {\n      \"id\": \"src_KE6uFvex\",\n      \"name\":
        \"Registry\",\n      \"owner\": {\n        \"handle\": \"klavinslab\",\n        \"id\":
        \"ent_8avhPeKB\",\n        \"name\": \"Klavins Lab\"\n      }\n    }\n  ]\n}"
    headers:
      Access-Control-Allow-Origin:
      - '*'
      Cache-Control:
      - private, no-cache, no-store
      Connection:
      - keep-alive
      Content-Length:
      - '208'
      Content-Type:
      - application/json
      Date:
      - Thu, 17 Oct 2019 20:09:50 GMT
      Expires:
      - Sat, 01 Jan 2000 00:00:00 GMT
      Pragma:
      - no-cache
      Server:
      - nginx
      Set-Cookie:
      - session=eyJhbm9ueW1vdXNfaWQiOnsiIGIiOiJaR1E0WkdNM1ltVXROMkZtWlMwME16VmtMVGcyTkdJdFl6azVZVGM1TW1NNFpUVTUifX0.EIpcDg.uPFQlMMPBfFO58J-xCGeb1Q2F9g;
        Secure; HttpOnly; Path=/
      Strict-Transport-Security:
      - max-age=63072000; includeSubdomains; preload
      X-Content-Type-Options:
      - nosniff
      X-Frame-Options:
      - DENY
    status:
      code: 200
      message: OK
- request:
    body: null
    headers:
      Accept:
      - '*/*'
      Accept-Encoding:
      - gzip, deflate
      Authorization:
      - Basic c2tfZTlnZ2ZsT2JqUWVTaFVMaXVBQVhxSWtEVHR0dWs6
      Connection:
      - keep-alive
      Cookie:
      - session=eyJhbm9ueW1vdXNfaWQiOnsiIGIiOiJaR1E0WkdNM1ltVXROMkZtWlMwME16VmtMVGcyTkdJdFl6azVZVGM1TW1NNFpUVTUifX0.EIpcDg.uPFQlMMPBfFO58J-xCGeb1Q2F9g
      User-Agent:
      - python-requests/2.22.0
    method: GET
    uri: https://benchling.com/api/v2/registries/src_KE6uFvex/registered-entities:bulk-get?entityRegistryIds=adsklfherhg
  response:
    body:
      string: "{\n  \"error\": {\n    \"invalidIds\": [\n      \"adsklfherhg\"\n    ],\n
        \   \"message\": \"Invalid entityRegistryId: adsklfherhg\",\n    \"type\":
        \"invalid_request_error\",\n    \"userMessage\": \"Invalid entityRegistryId:
        adsklfherhg\"\n  }\n}"
    headers:
      Access-Control-Allow-Origin:
      - '*'
      Cache-Control:
      - private, no-cache, no-store
      Connection:
      - keep-alive
      Content-Length:
      - '219'
      Content-Type:
      - application/json
      Date:
      - Thu, 17 Oct 2019 20:09:50 GMT
      Expires:
      - Sat, 01 Jan 2000 00:00:00 GMT
      Pragma:
      - no-cache
      Server:
      - nginx
      Set-Cookie:
      - session=eyJhbm9ueW1vdXNfaWQiOnsiIGIiOiJaR1E0WkdNM1ltVXROMkZtWlMwME16VmtMVGcyTkdJdFl6azVZVGM1TW1NNFpUVTUifX0.EIpcDg.uPFQlMMPBfFO58J-xCGeb1Q2F9g;
        Secure; HttpOnly; Path=/
      Strict-Transport-Security:
      - max-age=63072000; includeSubdomains; preload
      X-Content-Type-Options:
      - nosniff
      X-Frame-Options:
      - DENY
    status:
      code: 400
      message: BAD REQUEST
- request:
    body: null
    headers:
      Accept:
      - '*/*'
      Accept-Encoding:
      - gzip, deflate
      Authorization:
      - Basic c2tfZTlnZ2ZsT2JqUWVTaFVMaXVBQVhxSWtEVHR0dWs6
      Connection:
      - keep-alive
      Cookie:
      - session=eyJhbm9ueW1vdXNfaWQiOnsiIGIiOiJZemRqTlRkaE5XVXRObUkyTnkwME9HRTBMVGcyWkdZdE1UQTFaakEwTWpNeFltUmwifX0.EIqtXg.VBxbN-dVF7bLaURh-dh4LIrpOs4
      User-Agent:
      - python-requests/2.22.0
    method: GET
    uri: https://benchling.com/api/v2/registries
  response:
    body:
      string: "{\n  \"registries\": [\n    {\n      \"id\": \"src_KE6uFvex\",\n      \"name\":
        \"Registry\",\n      \"owner\": {\n        \"handle\": \"klavinslab\",\n        \"id\":
        \"ent_8avhPeKB\",\n        \"name\": \"Klavins Lab\"\n      }\n    }\n  ]\n}"
    headers:
      Access-Control-Allow-Origin:
      - '*'
      Cache-Control:
      - private, no-cache, no-store
      Connection:
      - keep-alive
      Content-Length:
      - '208'
      Content-Type:
      - application/json
      Date:
      - Fri, 18 Oct 2019 01:56:46 GMT
      Expires:
      - Sat, 01 Jan 2000 00:00:00 GMT
      Pragma:
      - no-cache
      Server:
      - nginx
      Set-Cookie:
      - session=eyJhbm9ueW1vdXNfaWQiOnsiIGIiOiJZemRqTlRkaE5XVXRObUkyTnkwME9HRTBMVGcyWkdZdE1UQTFaakEwTWpNeFltUmwifX0.EIqtXg.VBxbN-dVF7bLaURh-dh4LIrpOs4;
        Secure; HttpOnly; Path=/
      Strict-Transport-Security:
      - max-age=63072000; includeSubdomains; preload
      X-Content-Type-Options:
      - nosniff
      X-Frame-Options:
      - DENY
    status:
      code: 200
      message: OK
- request:
    body: null
    headers:
      Accept:
      - '*/*'
      Accept-Encoding:
      - gzip, deflate
      Authorization:
      - Basic c2tfZTlnZ2ZsT2JqUWVTaFVMaXVBQVhxSWtEVHR0dWs6
      Connection:
      - keep-alive
      Cookie:
      - session=eyJhbm9ueW1vdXNfaWQiOnsiIGIiOiJZemRqTlRkaE5XVXRObUkyTnkwME9HRTBMVGcyWkdZdE1UQTFaakEwTWpNeFltUmwifX0.EIqtXg.VBxbN-dVF7bLaURh-dh4LIrpOs4
      User-Agent:
      - python-requests/2.22.0
    method: GET
    uri: https://benchling.com/api/v2/registries
  response:
    body:
      string: "{\n  \"registries\": [\n    {\n      \"id\": \"src_KE6uFvex\",\n      \"name\":
        \"Registry\",\n      \"owner\": {\n        \"handle\": \"klavinslab\",\n        \"id\":
        \"ent_8avhPeKB\",\n        \"name\": \"Klavins Lab\"\n      }\n    }\n  ]\n}"
    headers:
      Access-Control-Allow-Origin:
      - '*'
      Cache-Control:
      - private, no-cache, no-store
      Connection:
      - keep-alive
      Content-Length:
      - '208'
      Content-Type:
      - application/json
      Date:
      - Fri, 18 Oct 2019 01:56:47 GMT
      Expires:
      - Sat, 01 Jan 2000 00:00:00 GMT
      Pragma:
      - no-cache
      Server:
      - nginx
      Set-Cookie:
      - session=eyJhbm9ueW1vdXNfaWQiOnsiIGIiOiJZemRqTlRkaE5XVXRObUkyTnkwME9HRTBMVGcyWkdZdE1UQTFaakEwTWpNeFltUmwifX0.EIqtXw.fgeJOEtSo4XHB2rVdjMy6iXR4j8;
        Secure; HttpOnly; Path=/
      Strict-Transport-Security:
      - max-age=63072000; includeSubdomains; preload
      X-Content-Type-Options:
      - nosniff
      X-Frame-Options:
      - DENY
    status:
      code: 200
      message: OK
- request:
    body: null
    headers:
      Accept:
      - '*/*'
      Accept-Encoding:
      - gzip, deflate
      Authorization:
      - Basic c2tfZTlnZ2ZsT2JqUWVTaFVMaXVBQVhxSWtEVHR0dWs6
      Connection:
      - keep-alive
      Cookie:
      - session=eyJhbm9ueW1vdXNfaWQiOnsiIGIiOiJZemRqTlRkaE5XVXRObUkyTnkwME9HRTBMVGcyWkdZdE1UQTFaakEwTWpNeFltUmwifX0.EIqtXw.fgeJOEtSo4XHB2rVdjMy6iXR4j8
      User-Agent:
      - python-requests/2.22.0
    method: GET
    uri: https://benchling.com/api/v2/registries/src_KE6uFvex/registered-entities:bulk-get?entityRegistryIds=adsklfherhg
  response:
    body:
      string: "{\n  \"error\": {\n    \"invalidIds\": [\n      \"adsklfherhg\"\n    ],\n
        \   \"message\": \"Invalid entityRegistryId: adsklfherhg\",\n    \"type\":
        \"invalid_request_error\",\n    \"userMessage\": \"Invalid entityRegistryId:
        adsklfherhg\"\n  }\n}"
    headers:
      Access-Control-Allow-Origin:
      - '*'
      Cache-Control:
      - private, no-cache, no-store
      Connection:
      - keep-alive
      Content-Length:
      - '219'
      Content-Type:
      - application/json
      Date:
      - Fri, 18 Oct 2019 01:56:47 GMT
      Expires:
      - Sat, 01 Jan 2000 00:00:00 GMT
      Pragma:
      - no-cache
      Server:
      - nginx
      Set-Cookie:
      - session=eyJhbm9ueW1vdXNfaWQiOnsiIGIiOiJZemRqTlRkaE5XVXRObUkyTnkwME9HRTBMVGcyWkdZdE1UQTFaakEwTWpNeFltUmwifX0.EIqtXw.fgeJOEtSo4XHB2rVdjMy6iXR4j8;
        Secure; HttpOnly; Path=/
      Strict-Transport-Security:
      - max-age=63072000; includeSubdomains; preload
      X-Content-Type-Options:
      - nosniff
      X-Frame-Options:
      - DENY
    status:
      code: 400
      message: BAD REQUEST
- request:
    body: null
    headers:
      Accept:
      - '*/*'
      Accept-Encoding:
      - gzip, deflate
      Authorization:
      - Basic c2tfZTlnZ2ZsT2JqUWVTaFVMaXVBQVhxSWtEVHR0dWs6
      Connection:
      - keep-alive
      Cookie:
      - session=eyJhbm9ueW1vdXNfaWQiOnsiIGIiOiJOelF6WlRCaE56TXRPVFZpTWkwMFpEVmxMVGszWldZdFlUZzVaVFJsWkRVME9ETTEifX0.EIquMw.ADYwEvK4U1GXxpky5kp9q3cZ_JU
      User-Agent:
      - python-requests/2.22.0
    method: GET
    uri: https://benchling.com/api/v2/registries
  response:
    body:
      string: "{\n  \"registries\": [\n    {\n      \"id\": \"src_KE6uFvex\",\n      \"name\":
        \"Registry\",\n      \"owner\": {\n        \"handle\": \"klavinslab\",\n        \"id\":
        \"ent_8avhPeKB\",\n        \"name\": \"Klavins Lab\"\n      }\n    }\n  ]\n}"
    headers:
      Access-Control-Allow-Origin:
      - '*'
      Cache-Control:
      - private, no-cache, no-store
      Connection:
      - keep-alive
      Content-Length:
      - '208'
      Content-Type:
      - application/json
      Date:
      - Fri, 18 Oct 2019 02:00:20 GMT
      Expires:
      - Sat, 01 Jan 2000 00:00:00 GMT
      Pragma:
      - no-cache
      Server:
      - nginx
      Set-Cookie:
      - session=eyJhbm9ueW1vdXNfaWQiOnsiIGIiOiJOelF6WlRCaE56TXRPVFZpTWkwMFpEVmxMVGszWldZdFlUZzVaVFJsWkRVME9ETTEifX0.EIquNA.evITqbgSKFuruRZeoK_s9v1AxEo;
        Secure; HttpOnly; Path=/
      Strict-Transport-Security:
      - max-age=63072000; includeSubdomains; preload
      X-Content-Type-Options:
      - nosniff
      X-Frame-Options:
      - DENY
    status:
      code: 200
      message: OK
- request:
    body: null
    headers:
      Accept:
      - '*/*'
      Accept-Encoding:
      - gzip, deflate
      Authorization:
      - Basic c2tfZTlnZ2ZsT2JqUWVTaFVMaXVBQVhxSWtEVHR0dWs6
      Connection:
      - keep-alive
      Cookie:
      - session=eyJhbm9ueW1vdXNfaWQiOnsiIGIiOiJOelF6WlRCaE56TXRPVFZpTWkwMFpEVmxMVGszWldZdFlUZzVaVFJsWkRVME9ETTEifX0.EIquNA.evITqbgSKFuruRZeoK_s9v1AxEo
      User-Agent:
      - python-requests/2.22.0
    method: GET
    uri: https://benchling.com/api/v2/registries
  response:
    body:
      string: "{\n  \"registries\": [\n    {\n      \"id\": \"src_KE6uFvex\",\n      \"name\":
        \"Registry\",\n      \"owner\": {\n        \"handle\": \"klavinslab\",\n        \"id\":
        \"ent_8avhPeKB\",\n        \"name\": \"Klavins Lab\"\n      }\n    }\n  ]\n}"
    headers:
      Access-Control-Allow-Origin:
      - '*'
      Cache-Control:
      - private, no-cache, no-store
      Connection:
      - keep-alive
      Content-Length:
      - '208'
      Content-Type:
      - application/json
      Date:
      - Fri, 18 Oct 2019 02:00:20 GMT
      Expires:
      - Sat, 01 Jan 2000 00:00:00 GMT
      Pragma:
      - no-cache
      Server:
      - nginx
      Set-Cookie:
      - session=eyJhbm9ueW1vdXNfaWQiOnsiIGIiOiJOelF6WlRCaE56TXRPVFZpTWkwMFpEVmxMVGszWldZdFlUZzVaVFJsWkRVME9ETTEifX0.EIquNA.evITqbgSKFuruRZeoK_s9v1AxEo;
        Secure; HttpOnly; Path=/
      Strict-Transport-Security:
      - max-age=63072000; includeSubdomains; preload
      X-Content-Type-Options:
      - nosniff
      X-Frame-Options:
      - DENY
    status:
      code: 200
      message: OK
- request:
    body: null
    headers:
      Accept:
      - '*/*'
      Accept-Encoding:
      - gzip, deflate
      Authorization:
      - Basic c2tfZTlnZ2ZsT2JqUWVTaFVMaXVBQVhxSWtEVHR0dWs6
      Connection:
      - keep-alive
      Cookie:
      - session=eyJhbm9ueW1vdXNfaWQiOnsiIGIiOiJOelF6WlRCaE56TXRPVFZpTWkwMFpEVmxMVGszWldZdFlUZzVaVFJsWkRVME9ETTEifX0.EIquNA.evITqbgSKFuruRZeoK_s9v1AxEo
      User-Agent:
      - python-requests/2.22.0
    method: GET
    uri: https://benchling.com/api/v2/registries/src_KE6uFvex/registered-entities:bulk-get?entityRegistryIds=adsklfherhg
  response:
    body:
      string: "{\n  \"error\": {\n    \"invalidIds\": [\n      \"adsklfherhg\"\n    ],\n
        \   \"message\": \"Invalid entityRegistryId: adsklfherhg\",\n    \"type\":
        \"invalid_request_error\",\n    \"userMessage\": \"Invalid entityRegistryId:
        adsklfherhg\"\n  }\n}"
    headers:
      Access-Control-Allow-Origin:
      - '*'
      Cache-Control:
      - private, no-cache, no-store
      Connection:
      - keep-alive
      Content-Length:
      - '219'
      Content-Type:
      - application/json
      Date:
      - Fri, 18 Oct 2019 02:00:20 GMT
      Expires:
      - Sat, 01 Jan 2000 00:00:00 GMT
      Pragma:
      - no-cache
      Server:
      - nginx
      Set-Cookie:
      - session=eyJhbm9ueW1vdXNfaWQiOnsiIGIiOiJOelF6WlRCaE56TXRPVFZpTWkwMFpEVmxMVGszWldZdFlUZzVaVFJsWkRVME9ETTEifX0.EIquNA.evITqbgSKFuruRZeoK_s9v1AxEo;
        Secure; HttpOnly; Path=/
      Strict-Transport-Security:
      - max-age=63072000; includeSubdomains; preload
      X-Content-Type-Options:
      - nosniff
      X-Frame-Options:
      - DENY
    status:
      code: 400
      message: BAD REQUEST
- request:
    body: null
    headers:
      Accept:
      - '*/*'
      Accept-Encoding:
      - gzip, deflate
      Authorization:
      - Basic c2tfZTlnZ2ZsT2JqUWVTaFVMaXVBQVhxSWtEVHR0dWs6
      Connection:
      - keep-alive
      Cookie:
      - session=eyJhbm9ueW1vdXNfaWQiOnsiIGIiOiJZall4TjJGak5USXRZemxsWmkwMFlUSmpMV0l5Wm1RdE9ETmxNek14WVdKa056STQifX0.EIq0Nw.czuTfLQpkSZq_BWQ3kk1K44qYcE
      User-Agent:
      - python-requests/2.22.0
    method: GET
    uri: https://benchling.com/api/v2/registries
  response:
    body:
      string: "{\n  \"registries\": [\n    {\n      \"id\": \"src_KE6uFvex\",\n      \"name\":
        \"Registry\",\n      \"owner\": {\n        \"handle\": \"klavinslab\",\n        \"id\":
        \"ent_8avhPeKB\",\n        \"name\": \"Klavins Lab\"\n      }\n    }\n  ]\n}"
    headers:
      Access-Control-Allow-Origin:
      - '*'
      Cache-Control:
      - private, no-cache, no-store
      Connection:
      - keep-alive
      Content-Length:
      - '208'
      Content-Type:
      - application/json
      Date:
      - Fri, 18 Oct 2019 02:26:00 GMT
      Expires:
      - Sat, 01 Jan 2000 00:00:00 GMT
      Pragma:
      - no-cache
      Server:
      - nginx
      Set-Cookie:
      - session=eyJhbm9ueW1vdXNfaWQiOnsiIGIiOiJZall4TjJGak5USXRZemxsWmkwMFlUSmpMV0l5Wm1RdE9ETmxNek14WVdKa056STQifX0.EIq0OA.SF6khJWCRLJLaGMmKHzBNvizGm0;
        Secure; HttpOnly; Path=/
      Strict-Transport-Security:
      - max-age=63072000; includeSubdomains; preload
      X-Content-Type-Options:
      - nosniff
      X-Frame-Options:
      - DENY
    status:
      code: 200
      message: OK
- request:
    body: null
    headers:
      Accept:
      - '*/*'
      Accept-Encoding:
      - gzip, deflate
      Authorization:
      - Basic c2tfZTlnZ2ZsT2JqUWVTaFVMaXVBQVhxSWtEVHR0dWs6
      Connection:
      - keep-alive
      Cookie:
      - session=eyJhbm9ueW1vdXNfaWQiOnsiIGIiOiJZall4TjJGak5USXRZemxsWmkwMFlUSmpMV0l5Wm1RdE9ETmxNek14WVdKa056STQifX0.EIq0OA.SF6khJWCRLJLaGMmKHzBNvizGm0
      User-Agent:
      - python-requests/2.22.0
    method: GET
    uri: https://benchling.com/api/v2/registries
  response:
    body:
      string: "{\n  \"registries\": [\n    {\n      \"id\": \"src_KE6uFvex\",\n      \"name\":
        \"Registry\",\n      \"owner\": {\n        \"handle\": \"klavinslab\",\n        \"id\":
        \"ent_8avhPeKB\",\n        \"name\": \"Klavins Lab\"\n      }\n    }\n  ]\n}"
    headers:
      Access-Control-Allow-Origin:
      - '*'
      Cache-Control:
      - private, no-cache, no-store
      Connection:
      - keep-alive
      Content-Length:
      - '208'
      Content-Type:
      - application/json
      Date:
      - Fri, 18 Oct 2019 02:26:00 GMT
      Expires:
      - Sat, 01 Jan 2000 00:00:00 GMT
      Pragma:
      - no-cache
      Server:
      - nginx
      Set-Cookie:
      - session=eyJhbm9ueW1vdXNfaWQiOnsiIGIiOiJZall4TjJGak5USXRZemxsWmkwMFlUSmpMV0l5Wm1RdE9ETmxNek14WVdKa056STQifX0.EIq0OA.SF6khJWCRLJLaGMmKHzBNvizGm0;
        Secure; HttpOnly; Path=/
      Strict-Transport-Security:
      - max-age=63072000; includeSubdomains; preload
      X-Content-Type-Options:
      - nosniff
      X-Frame-Options:
      - DENY
    status:
      code: 200
      message: OK
- request:
    body: null
    headers:
      Accept:
      - '*/*'
      Accept-Encoding:
      - gzip, deflate
      Authorization:
      - Basic c2tfZTlnZ2ZsT2JqUWVTaFVMaXVBQVhxSWtEVHR0dWs6
      Connection:
      - keep-alive
      Cookie:
      - session=eyJhbm9ueW1vdXNfaWQiOnsiIGIiOiJZall4TjJGak5USXRZemxsWmkwMFlUSmpMV0l5Wm1RdE9ETmxNek14WVdKa056STQifX0.EIq0OA.SF6khJWCRLJLaGMmKHzBNvizGm0
      User-Agent:
      - python-requests/2.22.0
    method: GET
    uri: https://benchling.com/api/v2/registries/src_KE6uFvex/registered-entities:bulk-get?entityRegistryIds=adsklfherhg
  response:
    body:
      string: "{\n  \"error\": {\n    \"invalidIds\": [\n      \"adsklfherhg\"\n    ],\n
        \   \"message\": \"Invalid entityRegistryId: adsklfherhg\",\n    \"type\":
        \"invalid_request_error\",\n    \"userMessage\": \"Invalid entityRegistryId:
        adsklfherhg\"\n  }\n}"
    headers:
      Access-Control-Allow-Origin:
      - '*'
      Cache-Control:
      - private, no-cache, no-store
      Connection:
      - keep-alive
      Content-Length:
      - '219'
      Content-Type:
      - application/json
      Date:
      - Fri, 18 Oct 2019 02:26:00 GMT
      Expires:
      - Sat, 01 Jan 2000 00:00:00 GMT
      Pragma:
      - no-cache
      Server:
      - nginx
      Set-Cookie:
      - session=eyJhbm9ueW1vdXNfaWQiOnsiIGIiOiJZall4TjJGak5USXRZemxsWmkwMFlUSmpMV0l5Wm1RdE9ETmxNek14WVdKa056STQifX0.EIq0OA.SF6khJWCRLJLaGMmKHzBNvizGm0;
        Secure; HttpOnly; Path=/
      Strict-Transport-Security:
      - max-age=63072000; includeSubdomains; preload
      X-Content-Type-Options:
      - nosniff
      X-Frame-Options:
      - DENY
    status:
      code: 400
      message: BAD REQUEST
- request:
    body: null
    headers:
      Accept:
      - '*/*'
      Accept-Encoding:
      - gzip, deflate
      Authorization:
      - Basic c2tfZTlnZ2ZsT2JqUWVTaFVMaXVBQVhxSWtEVHR0dWs6
      Connection:
      - keep-alive
      Cookie:
      - session=eyJhbm9ueW1vdXNfaWQiOnsiIGIiOiJaRGhtWXpRd056Y3ROemd6WXkwME5tSXlMV0U1TkRVdFpqZ3dOVFJsTnpGa1lqUmgifX0.EIu0_g.5mSJhkd0vF8Xbz-j0D1W8d9_EhQ
      User-Agent:
      - python-requests/2.22.0
    method: GET
    uri: https://benchling.com/api/v2/registries
  response:
    body:
      string: "{\n  \"registries\": [\n    {\n      \"id\": \"src_KE6uFvex\",\n      \"name\":
        \"Registry\",\n      \"owner\": {\n        \"handle\": \"klavinslab\",\n        \"id\":
        \"ent_8avhPeKB\",\n        \"name\": \"Klavins Lab\"\n      }\n    }\n  ]\n}"
    headers:
      Access-Control-Allow-Origin:
      - '*'
      Cache-Control:
      - private, no-cache, no-store
      Connection:
      - keep-alive
      Content-Length:
      - '208'
      Content-Type:
      - application/json
      Date:
      - Fri, 18 Oct 2019 20:41:35 GMT
      Expires:
      - Sat, 01 Jan 2000 00:00:00 GMT
      Pragma:
      - no-cache
      Server:
      - nginx
      Set-Cookie:
      - session=eyJhbm9ueW1vdXNfaWQiOnsiIGIiOiJaRGhtWXpRd056Y3ROemd6WXkwME5tSXlMV0U1TkRVdFpqZ3dOVFJsTnpGa1lqUmgifX0.EIu0_w.olvWtDNFnZpZHjLh3fVDuf2ahq0;
        Secure; HttpOnly; Path=/
      Strict-Transport-Security:
      - max-age=63072000; includeSubdomains; preload
      X-Content-Type-Options:
      - nosniff
      X-Frame-Options:
      - DENY
    status:
      code: 200
      message: OK
- request:
    body: null
    headers:
      Accept:
      - '*/*'
      Accept-Encoding:
      - gzip, deflate
      Authorization:
      - Basic c2tfZTlnZ2ZsT2JqUWVTaFVMaXVBQVhxSWtEVHR0dWs6
      Connection:
      - keep-alive
      Cookie:
      - session=eyJhbm9ueW1vdXNfaWQiOnsiIGIiOiJaRGhtWXpRd056Y3ROemd6WXkwME5tSXlMV0U1TkRVdFpqZ3dOVFJsTnpGa1lqUmgifX0.EIu0_w.olvWtDNFnZpZHjLh3fVDuf2ahq0
      User-Agent:
      - python-requests/2.22.0
    method: GET
    uri: https://benchling.com/api/v2/registries
  response:
    body:
      string: "{\n  \"registries\": [\n    {\n      \"id\": \"src_KE6uFvex\",\n      \"name\":
        \"Registry\",\n      \"owner\": {\n        \"handle\": \"klavinslab\",\n        \"id\":
        \"ent_8avhPeKB\",\n        \"name\": \"Klavins Lab\"\n      }\n    }\n  ]\n}"
    headers:
      Access-Control-Allow-Origin:
      - '*'
      Cache-Control:
      - private, no-cache, no-store
      Connection:
      - keep-alive
      Content-Length:
      - '208'
      Content-Type:
      - application/json
      Date:
      - Fri, 18 Oct 2019 20:41:35 GMT
      Expires:
      - Sat, 01 Jan 2000 00:00:00 GMT
      Pragma:
      - no-cache
      Server:
      - nginx
      Set-Cookie:
      - session=eyJhbm9ueW1vdXNfaWQiOnsiIGIiOiJaRGhtWXpRd056Y3ROemd6WXkwME5tSXlMV0U1TkRVdFpqZ3dOVFJsTnpGa1lqUmgifX0.EIu0_w.olvWtDNFnZpZHjLh3fVDuf2ahq0;
        Secure; HttpOnly; Path=/
      Strict-Transport-Security:
      - max-age=63072000; includeSubdomains; preload
      X-Content-Type-Options:
      - nosniff
      X-Frame-Options:
      - DENY
    status:
      code: 200
      message: OK
- request:
    body: null
    headers:
      Accept:
      - '*/*'
      Accept-Encoding:
      - gzip, deflate
      Authorization:
      - Basic c2tfZTlnZ2ZsT2JqUWVTaFVMaXVBQVhxSWtEVHR0dWs6
      Connection:
      - keep-alive
      Cookie:
      - session=eyJhbm9ueW1vdXNfaWQiOnsiIGIiOiJaRGhtWXpRd056Y3ROemd6WXkwME5tSXlMV0U1TkRVdFpqZ3dOVFJsTnpGa1lqUmgifX0.EIu0_w.olvWtDNFnZpZHjLh3fVDuf2ahq0
      User-Agent:
      - python-requests/2.22.0
    method: GET
    uri: https://benchling.com/api/v2/registries/src_KE6uFvex/registered-entities:bulk-get?entityRegistryIds=adsklfherhg
  response:
    body:
      string: "{\n  \"error\": {\n    \"invalidIds\": [\n      \"adsklfherhg\"\n    ],\n
        \   \"message\": \"Invalid entityRegistryId: adsklfherhg\",\n    \"type\":
        \"invalid_request_error\",\n    \"userMessage\": \"Invalid entityRegistryId:
        adsklfherhg\"\n  }\n}"
    headers:
      Access-Control-Allow-Origin:
      - '*'
      Cache-Control:
      - private, no-cache, no-store
      Connection:
      - keep-alive
      Content-Length:
      - '219'
      Content-Type:
      - application/json
      Date:
      - Fri, 18 Oct 2019 20:41:35 GMT
      Expires:
      - Sat, 01 Jan 2000 00:00:00 GMT
      Pragma:
      - no-cache
      Server:
      - nginx
      Set-Cookie:
      - session=eyJhbm9ueW1vdXNfaWQiOnsiIGIiOiJaRGhtWXpRd056Y3ROemd6WXkwME5tSXlMV0U1TkRVdFpqZ3dOVFJsTnpGa1lqUmgifX0.EIu0_w.olvWtDNFnZpZHjLh3fVDuf2ahq0;
        Secure; HttpOnly; Path=/
      Strict-Transport-Security:
      - max-age=63072000; includeSubdomains; preload
      X-Content-Type-Options:
      - nosniff
      X-Frame-Options:
      - DENY
    status:
      code: 400
      message: BAD REQUEST
version: 1
